******************************************************************************
                  TI ARM Linker PC v20.2.0                     
******************************************************************************
>> Linked Sat Jan  2 21:09:28 2021

OUTPUT FILE NAME:   <XYZ AXIS READING.out>
ENTRY POINT SYMBOL: "_c_int00_noargs"  address: 00002319


MEMORY CONFIGURATION

         name            origin    length      used     unused   attr    fill
----------------------  --------  ---------  --------  --------  ----  --------
  MAIN                  00000000   00040000  00002589  0003da77  R  X
  INFO                  00200000   00004000  00000000  00004000  R  X
  SRAM_CODE             01000000   00010000  00000230  0000fdd0  RW X
  SRAM_DATA             20000000   00010000  00000230  0000fdd0  RW  


SEGMENT ALLOCATION MAP

run origin  load origin   length   init length attrs members
----------  ----------- ---------- ----------- ----- -------
00000000    00000000    00002590   00002590    r-x
  00000000    00000000    000000e4   000000e4    r-- .intvecs
  000000e4    000000e4    00002374   00002374    r-x .text
  00002458    00002458    00000101   00000101    r-- .const
  00002560    00002560    00000030   00000030    r-- .cinit
20000000    20000000    00000030   00000000    rw-
  20000000    20000000    00000024   00000000    rw- .bss
  20000024    20000024    0000000c   00000000    rw- .data
2000fe00    2000fe00    00000200   00000000    rw-
  2000fe00    2000fe00    00000200   00000000    rw- .stack


SECTION ALLOCATION MAP

 output                                  attributes/
section   page    origin      length       input sections
--------  ----  ----------  ----------   ----------------
.intvecs   0    00000000    000000e4     
                  00000000    000000e4     startup_msp432p401r_ccs.obj (.intvecs:retain)

.text      0    000000e4    00002374     
                  000000e4    00000a4e     rtsv7M4_T_le_v4SPD16_eabi.lib : _printfi.c.obj (.text:__TI_printfi)
                  00000b32    00000002                                   : div0.asm.obj (.text)
                  00000b34    00000334     system_msp432p401r.obj (.text)
                  00000e68    00000270     rtsv7M4_T_le_v4SPD16_eabi.lib : _printfi.c.obj (.text:_pconv_a)
                  000010d8    0000021c     main.obj (.text)
                  000012f4    000001d0     rtsv7M4_T_le_v4SPD16_eabi.lib : _printfi.c.obj (.text:_pconv_g)
                  000014c4    000001b6                                   : fd_add_t2.asm.obj (.text)
                  0000167a    00000002     --HOLE-- [fill = 0]
                  0000167c    0000013c                                   : _printfi.c.obj (.text:_pconv_e)
                  000017b8    00000136                                   : fd_div_t2.asm.obj (.text)
                  000018ee    00000002     --HOLE-- [fill = 0]
                  000018f0    00000124                                   : _printfi.c.obj (.text:fcvt)
                  00001a14    00000110                                   : s_scalbn.c.obj (.text:scalbn)
                  00001b24    000000fc                                   : fd_mul_t2.asm.obj (.text)
                  00001c20    000000b1                                   : _printfi.c.obj (.text:_ltostr)
                  00001cd1    00000001     --HOLE-- [fill = 0]
                  00001cd2    0000009c                                   : memcpy_t2.asm.obj (.text)
                  00001d6e    00000096                                   : ull_div_t2.asm.obj (.text)
                  00001e04    00000086                                   : fd_cmp_t2.asm.obj (.text:__aeabi_cdcmple)
                  00001e8a    00000086                                   : fd_cmp_t2.asm.obj (.text:__aeabi_cdrcmple)
                  00001f10    0000007a                                   : memset_t2.asm.obj (.text)
                  00001f8a    0000006e                                   : _printfi.c.obj (.text:_mcpy)
                  00001ff8    00000068                                   : copy_decompress_lzss.c.obj (.text:decompress:lzss:__TI_decompress_lzss)
                  00002060    00000064                                   : s_frexp.c.obj (.text:frexp)
                  000020c4    00000056                                   : _printfi.c.obj (.text:_pconv_f)
                  0000211a    00000054                                   : _ltoa.c.obj (.text:__TI_ltoa)
                  0000216e    00000052                                   : _printfi.c.obj (.text:_ecpy)
                  000021c0    0000004c                                   : atoi.c.obj (.text:atoi)
                  0000220c    00000048                                   : fd_toi_t2.asm.obj (.text)
                  00002254    00000044                                   : autoinit.c.obj (.text:__TI_auto_init_nobinit_nopinit:__TI_auto_init_nobinit_nopinit)
                  00002298    00000040                                   : sprintf.c.obj (.text:sprintf)
                  000022d8    0000003e                                   : _printfi.c.obj (.text:_fcpy)
                  00002316    00000002     --HOLE-- [fill = 0]
                  00002318    00000034                                   : boot_cortex_m.c.obj (.text:_c_int00_noargs:_c_int00_noargs)
                  0000234c    0000002e                                   : i_tofd_t2.asm.obj (.text)
                  0000237a    0000001c                                   : copy_zero_init.c.obj (.text:decompress:ZI:__TI_zero_init_nomemset:__TI_zero_init_nomemset)
                  00002396    0000001c                                   : memccpy.c.obj (.text:memccpy)
                  000023b2    0000001a                                   : s_copysign.c.obj (.text:copysign)
                  000023cc    00000018                                   : sprintf.c.obj (.text:_outs)
                  000023e4    00000016                                   : strchr.c.obj (.text:strchr)
                  000023fa    00000014                                   : strlen.c.obj (.text:strlen)
                  0000240e    00000012                                   : wcslen.c.obj (.text:wcslen)
                  00002420    0000000e                                   : copy_decompress_none.c.obj (.text:decompress:none:__TI_decompress_none)
                  0000242e    0000000e     startup_msp432p401r_ccs.obj (.text)
                  0000243c    0000000a     rtsv7M4_T_le_v4SPD16_eabi.lib : sprintf.c.obj (.text:_outc)
                  00002446    00000002     --HOLE-- [fill = 0]
                  00002448    00000008                                   : errno.c.obj (.text:__aeabi_errno_addr)
                  00002450    00000004                                   : pre_init.c.obj (.text:_system_pre_init)
                  00002454    00000004                                   : exit.c.obj (.text:abort:abort)

.const     0    00002458    00000101     
                  00002458    00000101     rtsv7M4_T_le_v4SPD16_eabi.lib : ctype.c.obj (.const:.string:_ctypes_)

.cinit     0    00002560    00000030     
                  00002560    0000000c     (__TI_handler_table)
                  0000256c    0000000b     (.cinit..data.load) [load image, compression = lzss]
                  00002577    00000001     --HOLE-- [fill = 0]
                  00002578    00000008     (.cinit..bss.load) [load image, compression = zero_init]
                  00002580    00000010     (__TI_cinit_table)

.init_array 
*          0    00000000    00000000     UNINITIALIZED

.binit     0    00000000    00000000     

.bss       0    20000000    00000024     UNINITIALIZED
                  20000000    00000018     (.common:buffer)
                  20000018    0000000c     (.common:data)

.data      0    20000024    0000000c     UNINITIALIZED
                  20000024    00000004     main.obj (.data)
                  20000028    00000004     rtsv7M4_T_le_v4SPD16_eabi.lib : errno.c.obj (.data)
                  2000002c    00000004     system_msp432p401r.obj (.data)

.stack     0    2000fe00    00000200     UNINITIALIZED
                  2000fe00    00000004     rtsv7M4_T_le_v4SPD16_eabi.lib : boot_cortex_m.c.obj (.stack)
                  2000fe04    000001fc     --HOLE--

__llvm_prf_cnts 
*          0    20000000    00000000     UNINITIALIZED

MODULE SUMMARY

       Module                        code   ro data   rw data
       ------                        ----   -------   -------
    .\
       system_msp432p401r.obj        820    0         8      
       main.obj                      540    0         80     
       startup_msp432p401r_ccs.obj   14     228       0      
    +--+-----------------------------+------+---------+---------+
       Total:                        1374   228       88     
                                                             
    C:\ti\ccs1000\ccs\tools\compiler\ti-cgt-arm_20.2.0.LTS\lib\rtsv7M4_T_le_v4SPD16_eabi.lib
       _printfi.c.obj                4851   0         0      
       fd_add_t2.asm.obj             438    0         0      
       fd_div_t2.asm.obj             310    0         0      
       s_scalbn.c.obj                272    0         0      
       fd_cmp_t2.asm.obj             268    0         0      
       ctype.c.obj                   0      257       0      
       fd_mul_t2.asm.obj             252    0         0      
       memcpy_t2.asm.obj             156    0         0      
       ull_div_t2.asm.obj            150    0         0      
       memset_t2.asm.obj             122    0         0      
       copy_decompress_lzss.c.obj    104    0         0      
       s_frexp.c.obj                 100    0         0      
       sprintf.c.obj                 98     0         0      
       _ltoa.c.obj                   84     0         0      
       atoi.c.obj                    76     0         0      
       fd_toi_t2.asm.obj             72     0         0      
       autoinit.c.obj                68     0         0      
       boot_cortex_m.c.obj           52     0         0      
       i_tofd_t2.asm.obj             46     0         0      
       copy_zero_init.c.obj          28     0         0      
       memccpy.c.obj                 28     0         0      
       s_copysign.c.obj              26     0         0      
       strchr.c.obj                  22     0         0      
       strlen.c.obj                  20     0         0      
       wcslen.c.obj                  18     0         0      
       errno.c.obj                   8      0         8      
       copy_decompress_none.c.obj    14     0         0      
       exit.c.obj                    4      0         0      
       pre_init.c.obj                4      0         0      
       div0.asm.obj                  2      0         0      
    +--+-----------------------------+------+---------+---------+
       Total:                        7693   257       8      
                                                             
       Stack:                        0      0         1024   
       Linker Generated:             0      47        0      
    +--+-----------------------------+------+---------+---------+
       Grand Total:                  9067   532       1120   


LINKER GENERATED COPY TABLES

__TI_cinit_table @ 00002580 records: 2, size/record: 8, table size: 16
	.data: load addr=0000256c, load size=0000000b bytes, run addr=20000024, run size=0000000c bytes, compression=lzss
	.bss: load addr=00002578, load size=00000008 bytes, run addr=20000000, run size=00000024 bytes, compression=zero_init


LINKER GENERATED HANDLER TABLE

__TI_handler_table @ 00002560 records: 3, size/record: 4, table size: 12
	index: 0, handler: __TI_decompress_lzss
	index: 1, handler: __TI_decompress_none
	index: 2, handler: __TI_zero_init


GLOBAL SYMBOLS: SORTED ALPHABETICALLY BY Name 

address   name                          
-------   ----                          
0000114f  ADC14_IRQHandler              
0000114f  ADC14_IRQHandler              
0000243b  AES256_IRQHandler             
0000243b  BusFault_Handler              
00002455  C$$EXIT                       
0000243b  COMP_E0_IRQHandler            
0000243b  COMP_E1_IRQHandler            
0000243b  CS_IRQHandler                 
0000243b  DMA_ERR_IRQHandler            
0000243b  DMA_INT0_IRQHandler           
0000243b  DMA_INT1_IRQHandler           
0000243b  DMA_INT2_IRQHandler           
0000243b  DMA_INT3_IRQHandler           
0000243b  DebugMon_Handler              
0000243b  Default_Handler               
0000243b  EUSCIA0_IRQHandler            
0000243b  EUSCIA1_IRQHandler            
0000243b  EUSCIA2_IRQHandler            
0000243b  EUSCIA3_IRQHandler            
0000243b  EUSCIB0_IRQHandler            
0000243b  EUSCIB1_IRQHandler            
0000243b  EUSCIB2_IRQHandler            
0000243b  EUSCIB3_IRQHandler            
0000243b  FLCTL_IRQHandler              
0000243b  FPU_IRQHandler                
0000243b  HardFault_Handler             
0000243b  MemManage_Handler             
0000243b  NMI_Handler                   
0000243b  PCM_IRQHandler                
0000243b  PORT1_IRQHandler              
0000243b  PORT2_IRQHandler              
0000243b  PORT3_IRQHandler              
0000243b  PORT4_IRQHandler              
0000243b  PORT5_IRQHandler              
0000243b  PORT6_IRQHandler              
0000243b  PSS_IRQHandler                
0000243b  PendSV_Handler                
0000243b  RTC_C_IRQHandler              
0000242f  Reset_Handler                 
0000243b  SVC_Handler                   
0000243b  SysTick_Handler               
2000002c  SystemCoreClock               
00000b35  SystemCoreClockUpdate         
00000dad  SystemInit                    
0000243b  T32_INT1_IRQHandler           
0000243b  T32_INT2_IRQHandler           
0000243b  T32_INTC_IRQHandler           
0000243b  TA0_0_IRQHandler              
0000243b  TA0_N_IRQHandler              
0000243b  TA1_0_IRQHandler              
0000243b  TA1_N_IRQHandler              
0000243b  TA2_0_IRQHandler              
0000243b  TA2_N_IRQHandler              
0000243b  TA3_0_IRQHandler              
0000243b  TA3_N_IRQHandler              
0000243b  UsageFault_Handler            
4000480c  WDTCTL_SYM                    
0000243b  WDT_A_IRQHandler              
20010000  __STACK_END                   
00000200  __STACK_SIZE                  
00002580  __TI_CINIT_Base               
00002590  __TI_CINIT_Limit              
00002560  __TI_Handler_Table_Base       
0000256c  __TI_Handler_Table_Limit      
00002255  __TI_auto_init_nobinit_nopinit
00001ff9  __TI_decompress_lzss          
00002421  __TI_decompress_none          
0000211b  __TI_ltoa                     
ffffffff  __TI_pprof_out_hndl           
000000e5  __TI_printfi                  
ffffffff  __TI_prof_data_size           
ffffffff  __TI_prof_data_start          
00000000  __TI_static_base__            
0000237b  __TI_zero_init_nomemset       
00001e05  __aeabi_cdcmpeq               
00001e05  __aeabi_cdcmple               
00001e8b  __aeabi_cdrcmple              
0000220d  __aeabi_d2iz                  
000014cf  __aeabi_dadd                  
000017b9  __aeabi_ddiv                  
00001b25  __aeabi_dmul                  
000014c5  __aeabi_dsub                  
00002449  __aeabi_errno_addr            
0000234d  __aeabi_i2d                   
00000b33  __aeabi_idiv0                 
00000b33  __aeabi_ldiv0                 
00001f11  __aeabi_memclr                
00001f11  __aeabi_memclr4               
00001f11  __aeabi_memclr8               
00001cd3  __aeabi_memcpy                
00001cd3  __aeabi_memcpy4               
00001cd3  __aeabi_memcpy8               
00001f13  __aeabi_memset                
00001f13  __aeabi_memset4               
00001f13  __aeabi_memset8               
00001d6f  __aeabi_uldivmod              
ffffffff  __binit__                     
ffffffff  __c_args__                    
UNDEFED   __mpu_init                    
2000fe00  __stack                       
20000000  __start___llvm_prf_cnts       
20000000  __stop___llvm_prf_cnts        
00002319  _c_int00_noargs               
00002458  _ctypes_                      
UNDEFED   _system_post_cinit            
00002451  _system_pre_init              
00002455  abort                         
000021c1  atoi                          
ffffffff  binit                         
20000000  buffer                        
000023b3  copysign                      
000023b3  copysignl                     
20000024  count                         
20000018  data                          
20000028  errno                         
00002061  frexp                         
00002061  frexpl                        
00000000  interruptVectors              
00001a15  ldexp                         
00001a15  ldexpl                        
000010d9  main                          
00002397  memccpy                       
00001cd3  memcpy                        
00001f19  memset                        
000011df  pcEchoSetup                   
00001a15  scalbn                        
00001a15  scalbnl                       
0000121b  sendMessage                   
0000124b  set3MhzClock                  
00002299  sprintf                       
000023e5  strchr                        
000023fb  strlen                        
0000240f  wcslen                        


GLOBAL SYMBOLS: SORTED BY Symbol Address 

address   name                          
-------   ----                          
00000000  __TI_static_base__            
00000000  interruptVectors              
000000e5  __TI_printfi                  
00000200  __STACK_SIZE                  
00000b33  __aeabi_idiv0                 
00000b33  __aeabi_ldiv0                 
00000b35  SystemCoreClockUpdate         
00000dad  SystemInit                    
000010d9  main                          
0000114f  ADC14_IRQHandler              
0000114f  ADC14_IRQHandler              
000011df  pcEchoSetup                   
0000121b  sendMessage                   
0000124b  set3MhzClock                  
000014c5  __aeabi_dsub                  
000014cf  __aeabi_dadd                  
000017b9  __aeabi_ddiv                  
00001a15  ldexp                         
00001a15  ldexpl                        
00001a15  scalbn                        
00001a15  scalbnl                       
00001b25  __aeabi_dmul                  
00001cd3  __aeabi_memcpy                
00001cd3  __aeabi_memcpy4               
00001cd3  __aeabi_memcpy8               
00001cd3  memcpy                        
00001d6f  __aeabi_uldivmod              
00001e05  __aeabi_cdcmpeq               
00001e05  __aeabi_cdcmple               
00001e8b  __aeabi_cdrcmple              
00001f11  __aeabi_memclr                
00001f11  __aeabi_memclr4               
00001f11  __aeabi_memclr8               
00001f13  __aeabi_memset                
00001f13  __aeabi_memset4               
00001f13  __aeabi_memset8               
00001f19  memset                        
00001ff9  __TI_decompress_lzss          
00002061  frexp                         
00002061  frexpl                        
0000211b  __TI_ltoa                     
000021c1  atoi                          
0000220d  __aeabi_d2iz                  
00002255  __TI_auto_init_nobinit_nopinit
00002299  sprintf                       
00002319  _c_int00_noargs               
0000234d  __aeabi_i2d                   
0000237b  __TI_zero_init_nomemset       
00002397  memccpy                       
000023b3  copysign                      
000023b3  copysignl                     
000023e5  strchr                        
000023fb  strlen                        
0000240f  wcslen                        
00002421  __TI_decompress_none          
0000242f  Reset_Handler                 
0000243b  AES256_IRQHandler             
0000243b  BusFault_Handler              
0000243b  COMP_E0_IRQHandler            
0000243b  COMP_E1_IRQHandler            
0000243b  CS_IRQHandler                 
0000243b  DMA_ERR_IRQHandler            
0000243b  DMA_INT0_IRQHandler           
0000243b  DMA_INT1_IRQHandler           
0000243b  DMA_INT2_IRQHandler           
0000243b  DMA_INT3_IRQHandler           
0000243b  DebugMon_Handler              
0000243b  Default_Handler               
0000243b  EUSCIA0_IRQHandler            
0000243b  EUSCIA1_IRQHandler            
0000243b  EUSCIA2_IRQHandler            
0000243b  EUSCIA3_IRQHandler            
0000243b  EUSCIB0_IRQHandler            
0000243b  EUSCIB1_IRQHandler            
0000243b  EUSCIB2_IRQHandler            
0000243b  EUSCIB3_IRQHandler            
0000243b  FLCTL_IRQHandler              
0000243b  FPU_IRQHandler                
0000243b  HardFault_Handler             
0000243b  MemManage_Handler             
0000243b  NMI_Handler                   
0000243b  PCM_IRQHandler                
0000243b  PORT1_IRQHandler              
0000243b  PORT2_IRQHandler              
0000243b  PORT3_IRQHandler              
0000243b  PORT4_IRQHandler              
0000243b  PORT5_IRQHandler              
0000243b  PORT6_IRQHandler              
0000243b  PSS_IRQHandler                
0000243b  PendSV_Handler                
0000243b  RTC_C_IRQHandler              
0000243b  SVC_Handler                   
0000243b  SysTick_Handler               
0000243b  T32_INT1_IRQHandler           
0000243b  T32_INT2_IRQHandler           
0000243b  T32_INTC_IRQHandler           
0000243b  TA0_0_IRQHandler              
0000243b  TA0_N_IRQHandler              
0000243b  TA1_0_IRQHandler              
0000243b  TA1_N_IRQHandler              
0000243b  TA2_0_IRQHandler              
0000243b  TA2_N_IRQHandler              
0000243b  TA3_0_IRQHandler              
0000243b  TA3_N_IRQHandler              
0000243b  UsageFault_Handler            
0000243b  WDT_A_IRQHandler              
00002449  __aeabi_errno_addr            
00002451  _system_pre_init              
00002455  C$$EXIT                       
00002455  abort                         
00002458  _ctypes_                      
00002560  __TI_Handler_Table_Base       
0000256c  __TI_Handler_Table_Limit      
00002580  __TI_CINIT_Base               
00002590  __TI_CINIT_Limit              
20000000  __start___llvm_prf_cnts       
20000000  __stop___llvm_prf_cnts        
20000000  buffer                        
20000018  data                          
20000024  count                         
20000028  errno                         
2000002c  SystemCoreClock               
2000fe00  __stack                       
20010000  __STACK_END                   
4000480c  WDTCTL_SYM                    
ffffffff  __TI_pprof_out_hndl           
ffffffff  __TI_prof_data_size           
ffffffff  __TI_prof_data_start          
ffffffff  __binit__                     
ffffffff  __c_args__                    
ffffffff  binit                         
UNDEFED   __mpu_init                    
UNDEFED   _system_post_cinit            

[133 symbols]
