******************************************************************************
                  TI ARM Linker PC v20.2.0                     
******************************************************************************
>> Linked Sat Jun  6 14:58:45 2020

OUTPUT FILE NAME:   <ADC with PWM.out>
ENTRY POINT SYMBOL: "_c_int00_noargs"  address: 00002429


MEMORY CONFIGURATION

         name            origin    length      used     unused   attr    fill
----------------------  --------  ---------  --------  --------  ----  --------
  MAIN                  00000000   00040000  000026a1  0003d95f  R  X
  INFO                  00200000   00004000  00000000  00004000  R  X
  SRAM_CODE             01000000   00010000  00000240  0000fdc0  RW X
  SRAM_DATA             20000000   00010000  00000240  0000fdc0  RW  


SEGMENT ALLOCATION MAP

run origin  load origin   length   init length attrs members
----------  ----------- ---------- ----------- ----- -------
00000000    00000000    000026a8   000026a8    r-x
  00000000    00000000    000000e4   000000e4    r-- .intvecs
  000000e4    000000e4    00002484   00002484    r-x .text
  00002568    00002568    00000101   00000101    r-- .const
  00002670    00002670    00000038   00000038    r-- .cinit
20000000    20000000    00000040   00000000    rw-
  20000000    20000000    00000030   00000000    rw- .bss
  20000030    20000030    00000010   00000000    rw- .data
2000fe00    2000fe00    00000200   00000000    rw-
  2000fe00    2000fe00    00000200   00000000    rw- .stack


SECTION ALLOCATION MAP

 output                                  attributes/
section   page    origin      length       input sections
--------  ----  ----------  ----------   ----------------
.intvecs   0    00000000    000000e4     
                  00000000    000000e4     startup_msp432p401r_ccs.obj (.intvecs:retain)

.text      0    000000e4    00002484     
                  000000e4    00000a4e     rtsv7M4_T_le_v4SPD16_eabi.lib : _printfi.c.obj (.text:__TI_printfi)
                  00000b32    00000002                                   : div0.asm.obj (.text)
                  00000b34    00000334     system_msp432p401r.obj (.text)
                  00000e68    0000032c     main.obj (.text)
                  00001194    00000270     rtsv7M4_T_le_v4SPD16_eabi.lib : _printfi.c.obj (.text:_pconv_a)
                  00001404    000001d0                                   : _printfi.c.obj (.text:_pconv_g)
                  000015d4    000001b6                                   : fd_add_t2.asm.obj (.text)
                  0000178a    00000002     --HOLE-- [fill = 0]
                  0000178c    0000013c                                   : _printfi.c.obj (.text:_pconv_e)
                  000018c8    00000136                                   : fd_div_t2.asm.obj (.text)
                  000019fe    00000002     --HOLE-- [fill = 0]
                  00001a00    00000124                                   : _printfi.c.obj (.text:fcvt)
                  00001b24    00000110                                   : s_scalbn.c.obj (.text:scalbn)
                  00001c34    000000fc                                   : fd_mul_t2.asm.obj (.text)
                  00001d30    000000b1                                   : _printfi.c.obj (.text:_ltostr)
                  00001de1    00000001     --HOLE-- [fill = 0]
                  00001de2    0000009c                                   : memcpy_t2.asm.obj (.text)
                  00001e7e    00000096                                   : ull_div_t2.asm.obj (.text)
                  00001f14    00000086                                   : fd_cmp_t2.asm.obj (.text:__aeabi_cdcmple)
                  00001f9a    00000086                                   : fd_cmp_t2.asm.obj (.text:__aeabi_cdrcmple)
                  00002020    0000007a                                   : memset_t2.asm.obj (.text)
                  0000209a    0000006e                                   : _printfi.c.obj (.text:_mcpy)
                  00002108    00000068                                   : copy_decompress_lzss.c.obj (.text:decompress:lzss:__TI_decompress_lzss)
                  00002170    00000064                                   : s_frexp.c.obj (.text:frexp)
                  000021d4    00000056                                   : _printfi.c.obj (.text:_pconv_f)
                  0000222a    00000054                                   : _ltoa.c.obj (.text:__TI_ltoa)
                  0000227e    00000052                                   : _printfi.c.obj (.text:_ecpy)
                  000022d0    0000004c                                   : atoi.c.obj (.text:atoi)
                  0000231c    00000048                                   : fd_toi_t2.asm.obj (.text)
                  00002364    00000044                                   : autoinit.c.obj (.text:__TI_auto_init_nobinit_nopinit:__TI_auto_init_nobinit_nopinit)
                  000023a8    00000040                                   : sprintf.c.obj (.text:sprintf)
                  000023e8    0000003e                                   : _printfi.c.obj (.text:_fcpy)
                  00002426    00000002     --HOLE-- [fill = 0]
                  00002428    00000034                                   : boot_cortex_m.c.obj (.text:_c_int00_noargs:_c_int00_noargs)
                  0000245c    0000002e                                   : i_tofd_t2.asm.obj (.text)
                  0000248a    0000001c                                   : copy_zero_init.c.obj (.text:decompress:ZI:__TI_zero_init_nomemset:__TI_zero_init_nomemset)
                  000024a6    0000001c                                   : memccpy.c.obj (.text:memccpy)
                  000024c2    0000001a                                   : s_copysign.c.obj (.text:copysign)
                  000024dc    00000018                                   : sprintf.c.obj (.text:_outs)
                  000024f4    00000016                                   : strchr.c.obj (.text:strchr)
                  0000250a    00000014                                   : strlen.c.obj (.text:strlen)
                  0000251e    00000012                                   : wcslen.c.obj (.text:wcslen)
                  00002530    0000000e                                   : copy_decompress_none.c.obj (.text:decompress:none:__TI_decompress_none)
                  0000253e    0000000e     startup_msp432p401r_ccs.obj (.text)
                  0000254c    0000000a     rtsv7M4_T_le_v4SPD16_eabi.lib : sprintf.c.obj (.text:_outc)
                  00002556    00000002     --HOLE-- [fill = 0]
                  00002558    00000008                                   : errno.c.obj (.text:__aeabi_errno_addr)
                  00002560    00000004                                   : pre_init.c.obj (.text:_system_pre_init)
                  00002564    00000004                                   : exit.c.obj (.text:abort:abort)

.const     0    00002568    00000101     
                  00002568    00000101     rtsv7M4_T_le_v4SPD16_eabi.lib : ctype.c.obj (.const:.string:_ctypes_)

.cinit     0    00002670    00000038     
                  00002670    00000010     (.cinit..data.load) [load image, compression = lzss]
                  00002680    0000000c     (__TI_handler_table)
                  0000268c    00000004     --HOLE-- [fill = 0]
                  00002690    00000008     (.cinit..bss.load) [load image, compression = zero_init]
                  00002698    00000010     (__TI_cinit_table)

.init_array 
*          0    00000000    00000000     UNINITIALIZED

.binit     0    00000000    00000000     

.bss       0    20000000    00000030     UNINITIALIZED
                  20000000    00000030     (.common:buffer)

.data      0    20000030    00000010     UNINITIALIZED
                  20000030    00000008     main.obj (.data)
                  20000038    00000004     rtsv7M4_T_le_v4SPD16_eabi.lib : errno.c.obj (.data)
                  2000003c    00000004     system_msp432p401r.obj (.data)

.stack     0    2000fe00    00000200     UNINITIALIZED
                  2000fe00    00000004     rtsv7M4_T_le_v4SPD16_eabi.lib : boot_cortex_m.c.obj (.stack)
                  2000fe04    000001fc     --HOLE--

__llvm_prf_cnts 
*          0    20000000    00000000     UNINITIALIZED

MODULE SUMMARY

       Module                        code   ro data   rw data
       ------                        ----   -------   -------
    .\
       main.obj                      812    0         112    
       system_msp432p401r.obj        820    0         8      
       startup_msp432p401r_ccs.obj   14     228       0      
    +--+-----------------------------+------+---------+---------+
       Total:                        1646   228       120    
                                                             
    C:\ti\ccs1000\ccs\tools\compiler\ti-cgt-arm_20.2.0.LTS\lib\rtsv7M4_T_le_v4SPD16_eabi.lib
       _printfi.c.obj                4851   0         0      
       fd_add_t2.asm.obj             438    0         0      
       fd_div_t2.asm.obj             310    0         0      
       s_scalbn.c.obj                272    0         0      
       fd_cmp_t2.asm.obj             268    0         0      
       ctype.c.obj                   0      257       0      
       fd_mul_t2.asm.obj             252    0         0      
       memcpy_t2.asm.obj             156    0         0      
       ull_div_t2.asm.obj            150    0         0      
       memset_t2.asm.obj             122    0         0      
       copy_decompress_lzss.c.obj    104    0         0      
       s_frexp.c.obj                 100    0         0      
       sprintf.c.obj                 98     0         0      
       _ltoa.c.obj                   84     0         0      
       atoi.c.obj                    76     0         0      
       fd_toi_t2.asm.obj             72     0         0      
       autoinit.c.obj                68     0         0      
       boot_cortex_m.c.obj           52     0         0      
       i_tofd_t2.asm.obj             46     0         0      
       copy_zero_init.c.obj          28     0         0      
       memccpy.c.obj                 28     0         0      
       s_copysign.c.obj              26     0         0      
       strchr.c.obj                  22     0         0      
       strlen.c.obj                  20     0         0      
       wcslen.c.obj                  18     0         0      
       errno.c.obj                   8      0         8      
       copy_decompress_none.c.obj    14     0         0      
       exit.c.obj                    4      0         0      
       pre_init.c.obj                4      0         0      
       div0.asm.obj                  2      0         0      
    +--+-----------------------------+------+---------+---------+
       Total:                        7693   257       8      
                                                             
       Stack:                        0      0         1024   
       Linker Generated:             0      52        0      
    +--+-----------------------------+------+---------+---------+
       Grand Total:                  9339   537       1152   


LINKER GENERATED COPY TABLES

__TI_cinit_table @ 00002698 records: 2, size/record: 8, table size: 16
	.data: load addr=00002670, load size=00000010 bytes, run addr=20000030, run size=00000010 bytes, compression=lzss
	.bss: load addr=00002690, load size=00000008 bytes, run addr=20000000, run size=00000030 bytes, compression=zero_init


LINKER GENERATED HANDLER TABLE

__TI_handler_table @ 00002680 records: 3, size/record: 4, table size: 12
	index: 0, handler: __TI_decompress_lzss
	index: 1, handler: __TI_decompress_none
	index: 2, handler: __TI_zero_init


GLOBAL SYMBOLS: SORTED ALPHABETICALLY BY Name 

address   name                          
-------   ----                          
00000f45  ADC14_IRQHandler              
00000f45  ADC14_IRQHandler              
0000254b  AES256_IRQHandler             
0000254b  BusFault_Handler              
00002565  C$$EXIT                       
0000254b  COMP_E0_IRQHandler            
0000254b  COMP_E1_IRQHandler            
0000254b  CS_IRQHandler                 
0000254b  DMA_ERR_IRQHandler            
0000254b  DMA_INT0_IRQHandler           
0000254b  DMA_INT1_IRQHandler           
0000254b  DMA_INT2_IRQHandler           
0000254b  DMA_INT3_IRQHandler           
0000254b  DebugMon_Handler              
0000254b  Default_Handler               
0000254b  EUSCIA0_IRQHandler            
0000254b  EUSCIA1_IRQHandler            
0000254b  EUSCIA2_IRQHandler            
0000254b  EUSCIA3_IRQHandler            
0000254b  EUSCIB0_IRQHandler            
0000254b  EUSCIB1_IRQHandler            
0000254b  EUSCIB2_IRQHandler            
0000254b  EUSCIB3_IRQHandler            
0000254b  FLCTL_IRQHandler              
0000254b  FPU_IRQHandler                
0000254b  HardFault_Handler             
0000254b  MemManage_Handler             
0000254b  NMI_Handler                   
0000254b  PCM_IRQHandler                
0000254b  PORT1_IRQHandler              
0000254b  PORT2_IRQHandler              
0000254b  PORT3_IRQHandler              
0000254b  PORT4_IRQHandler              
0000254b  PORT5_IRQHandler              
0000254b  PORT6_IRQHandler              
0000254b  PSS_IRQHandler                
0000254b  PendSV_Handler                
0000254b  RTC_C_IRQHandler              
0000253f  Reset_Handler                 
0000254b  SVC_Handler                   
00000f5b  SysTick_Handler               
00000f5b  SysTick_Handler               
2000003c  SystemCoreClock               
00000b35  SystemCoreClockUpdate         
00000dad  SystemInit                    
0000254b  T32_INT1_IRQHandler           
0000254b  T32_INT2_IRQHandler           
0000254b  T32_INTC_IRQHandler           
0000254b  TA0_0_IRQHandler              
0000254b  TA0_N_IRQHandler              
0000254b  TA1_0_IRQHandler              
0000254b  TA1_N_IRQHandler              
0000254b  TA2_0_IRQHandler              
0000254b  TA2_N_IRQHandler              
0000254b  TA3_0_IRQHandler              
0000254b  TA3_N_IRQHandler              
0000254b  UsageFault_Handler            
4000480c  WDTCTL_SYM                    
0000254b  WDT_A_IRQHandler              
20010000  __STACK_END                   
00000200  __STACK_SIZE                  
00002698  __TI_CINIT_Base               
000026a8  __TI_CINIT_Limit              
00002680  __TI_Handler_Table_Base       
0000268c  __TI_Handler_Table_Limit      
00002365  __TI_auto_init_nobinit_nopinit
00002109  __TI_decompress_lzss          
00002531  __TI_decompress_none          
0000222b  __TI_ltoa                     
ffffffff  __TI_pprof_out_hndl           
000000e5  __TI_printfi                  
ffffffff  __TI_prof_data_size           
ffffffff  __TI_prof_data_start          
00000000  __TI_static_base__            
0000248b  __TI_zero_init_nomemset       
00001f15  __aeabi_cdcmpeq               
00001f15  __aeabi_cdcmple               
00001f9b  __aeabi_cdrcmple              
0000231d  __aeabi_d2iz                  
000015df  __aeabi_dadd                  
000018c9  __aeabi_ddiv                  
00001c35  __aeabi_dmul                  
000015d5  __aeabi_dsub                  
00002559  __aeabi_errno_addr            
0000245d  __aeabi_i2d                   
00000b33  __aeabi_idiv0                 
00000b33  __aeabi_ldiv0                 
00002021  __aeabi_memclr                
00002021  __aeabi_memclr4               
00002021  __aeabi_memclr8               
00001de3  __aeabi_memcpy                
00001de3  __aeabi_memcpy4               
00001de3  __aeabi_memcpy8               
00002023  __aeabi_memset                
00002023  __aeabi_memset4               
00002023  __aeabi_memset8               
00001e7f  __aeabi_uldivmod              
ffffffff  __binit__                     
ffffffff  __c_args__                    
UNDEFED   __mpu_init                    
2000fe00  __stack                       
20000000  __start___llvm_prf_cnts       
20000000  __stop___llvm_prf_cnts        
00002429  _c_int00_noargs               
00002568  _ctypes_                      
UNDEFED   _system_post_cinit            
00002561  _system_pre_init              
00002565  abort                         
00000ec1  adcSetup                      
20000030  adcValue                      
000022d1  atoi                          
ffffffff  binit                         
20000000  buffer                        
000024c3  copysign                      
000024c3  copysignl                     
20000038  errno                         
00002171  frexp                         
00002171  frexpl                        
00000000  interruptVectors              
00001b25  ldexp                         
00001b25  ldexpl                        
00000e69  main                          
000024a7  memccpy                       
00001de3  memcpy                        
00002029  memset                        
00000fd5  pcEchoSetup                   
00000ee3  portSetup                     
20000032  pulse                         
000010a3  pwmPortSetup                  
00001081  pwmSetup                      
00001041  remap                         
00001b25  scalbn                        
00001b25  scalbnl                       
00001011  sendMessage                   
00000f1f  set3MhzClock                  
000023a9  sprintf                       
000024f5  strchr                        
0000250b  strlen                        
20000036  sum                           
00000ea1  sysTickSetup                  
20000034  tic                           
0000251f  wcslen                        


GLOBAL SYMBOLS: SORTED BY Symbol Address 

address   name                          
-------   ----                          
00000000  __TI_static_base__            
00000000  interruptVectors              
000000e5  __TI_printfi                  
00000200  __STACK_SIZE                  
00000b33  __aeabi_idiv0                 
00000b33  __aeabi_ldiv0                 
00000b35  SystemCoreClockUpdate         
00000dad  SystemInit                    
00000e69  main                          
00000ea1  sysTickSetup                  
00000ec1  adcSetup                      
00000ee3  portSetup                     
00000f1f  set3MhzClock                  
00000f45  ADC14_IRQHandler              
00000f45  ADC14_IRQHandler              
00000f5b  SysTick_Handler               
00000f5b  SysTick_Handler               
00000fd5  pcEchoSetup                   
00001011  sendMessage                   
00001041  remap                         
00001081  pwmSetup                      
000010a3  pwmPortSetup                  
000015d5  __aeabi_dsub                  
000015df  __aeabi_dadd                  
000018c9  __aeabi_ddiv                  
00001b25  ldexp                         
00001b25  ldexpl                        
00001b25  scalbn                        
00001b25  scalbnl                       
00001c35  __aeabi_dmul                  
00001de3  __aeabi_memcpy                
00001de3  __aeabi_memcpy4               
00001de3  __aeabi_memcpy8               
00001de3  memcpy                        
00001e7f  __aeabi_uldivmod              
00001f15  __aeabi_cdcmpeq               
00001f15  __aeabi_cdcmple               
00001f9b  __aeabi_cdrcmple              
00002021  __aeabi_memclr                
00002021  __aeabi_memclr4               
00002021  __aeabi_memclr8               
00002023  __aeabi_memset                
00002023  __aeabi_memset4               
00002023  __aeabi_memset8               
00002029  memset                        
00002109  __TI_decompress_lzss          
00002171  frexp                         
00002171  frexpl                        
0000222b  __TI_ltoa                     
000022d1  atoi                          
0000231d  __aeabi_d2iz                  
00002365  __TI_auto_init_nobinit_nopinit
000023a9  sprintf                       
00002429  _c_int00_noargs               
0000245d  __aeabi_i2d                   
0000248b  __TI_zero_init_nomemset       
000024a7  memccpy                       
000024c3  copysign                      
000024c3  copysignl                     
000024f5  strchr                        
0000250b  strlen                        
0000251f  wcslen                        
00002531  __TI_decompress_none          
0000253f  Reset_Handler                 
0000254b  AES256_IRQHandler             
0000254b  BusFault_Handler              
0000254b  COMP_E0_IRQHandler            
0000254b  COMP_E1_IRQHandler            
0000254b  CS_IRQHandler                 
0000254b  DMA_ERR_IRQHandler            
0000254b  DMA_INT0_IRQHandler           
0000254b  DMA_INT1_IRQHandler           
0000254b  DMA_INT2_IRQHandler           
0000254b  DMA_INT3_IRQHandler           
0000254b  DebugMon_Handler              
0000254b  Default_Handler               
0000254b  EUSCIA0_IRQHandler            
0000254b  EUSCIA1_IRQHandler            
0000254b  EUSCIA2_IRQHandler            
0000254b  EUSCIA3_IRQHandler            
0000254b  EUSCIB0_IRQHandler            
0000254b  EUSCIB1_IRQHandler            
0000254b  EUSCIB2_IRQHandler            
0000254b  EUSCIB3_IRQHandler            
0000254b  FLCTL_IRQHandler              
0000254b  FPU_IRQHandler                
0000254b  HardFault_Handler             
0000254b  MemManage_Handler             
0000254b  NMI_Handler                   
0000254b  PCM_IRQHandler                
0000254b  PORT1_IRQHandler              
0000254b  PORT2_IRQHandler              
0000254b  PORT3_IRQHandler              
0000254b  PORT4_IRQHandler              
0000254b  PORT5_IRQHandler              
0000254b  PORT6_IRQHandler              
0000254b  PSS_IRQHandler                
0000254b  PendSV_Handler                
0000254b  RTC_C_IRQHandler              
0000254b  SVC_Handler                   
0000254b  T32_INT1_IRQHandler           
0000254b  T32_INT2_IRQHandler           
0000254b  T32_INTC_IRQHandler           
0000254b  TA0_0_IRQHandler              
0000254b  TA0_N_IRQHandler              
0000254b  TA1_0_IRQHandler              
0000254b  TA1_N_IRQHandler              
0000254b  TA2_0_IRQHandler              
0000254b  TA2_N_IRQHandler              
0000254b  TA3_0_IRQHandler              
0000254b  TA3_N_IRQHandler              
0000254b  UsageFault_Handler            
0000254b  WDT_A_IRQHandler              
00002559  __aeabi_errno_addr            
00002561  _system_pre_init              
00002565  C$$EXIT                       
00002565  abort                         
00002568  _ctypes_                      
00002680  __TI_Handler_Table_Base       
0000268c  __TI_Handler_Table_Limit      
00002698  __TI_CINIT_Base               
000026a8  __TI_CINIT_Limit              
20000000  __start___llvm_prf_cnts       
20000000  __stop___llvm_prf_cnts        
20000000  buffer                        
20000030  adcValue                      
20000032  pulse                         
20000034  tic                           
20000036  sum                           
20000038  errno                         
2000003c  SystemCoreClock               
2000fe00  __stack                       
20010000  __STACK_END                   
4000480c  WDTCTL_SYM                    
ffffffff  __TI_pprof_out_hndl           
ffffffff  __TI_prof_data_size           
ffffffff  __TI_prof_data_start          
ffffffff  __binit__                     
ffffffff  __c_args__                    
ffffffff  binit                         
UNDEFED   __mpu_init                    
UNDEFED   _system_post_cinit            

[142 symbols]
