******************************************************************************
                  TI ARM Linker PC v20.2.0                     
******************************************************************************
>> Linked Thu Jun 18 18:35:24 2020

OUTPUT FILE NAME:   <Pwm with SysTick Timer.out>
ENTRY POINT SYMBOL: "_c_int00_noargs"  address: 00002335


MEMORY CONFIGURATION

         name            origin    length      used     unused   attr    fill
----------------------  --------  ---------  --------  --------  ----  --------
  MAIN                  00000000   00040000  000025a5  0003da5b  R  X
  INFO                  00200000   00004000  00000000  00004000  R  X
  SRAM_CODE             01000000   00010000  0000021a  0000fde6  RW X
  SRAM_DATA             20000000   00010000  0000021a  0000fde6  RW  


SEGMENT ALLOCATION MAP

run origin  load origin   length   init length attrs members
----------  ----------- ---------- ----------- ----- -------
00000000    00000000    000025a8   000025a8    r-x
  00000000    00000000    000000e4   000000e4    r-- .intvecs
  000000e4    000000e4    00002390   00002390    r-x .text
  00002474    00002474    00000101   00000101    r-- .const
  00002578    00002578    00000030   00000030    r-- .cinit
20000000    20000000    0000001a   00000000    rw-
  20000000    20000000    00000010   00000000    rw- .bss
  20000010    20000010    0000000a   00000000    rw- .data
2000fe00    2000fe00    00000200   00000000    rw-
  2000fe00    2000fe00    00000200   00000000    rw- .stack


SECTION ALLOCATION MAP

 output                                  attributes/
section   page    origin      length       input sections
--------  ----  ----------  ----------   ----------------
.intvecs   0    00000000    000000e4     
                  00000000    000000e4     startup_msp432p401r_ccs.obj (.intvecs:retain)

.text      0    000000e4    00002390     
                  000000e4    00000a4e     rtsv7M4_T_le_v4SPD16_eabi.lib : _printfi.c.obj (.text:__TI_printfi)
                  00000b32    00000002                                   : div0.asm.obj (.text)
                  00000b34    00000334     system_msp432p401r.obj (.text)
                  00000e68    00000270     rtsv7M4_T_le_v4SPD16_eabi.lib : _printfi.c.obj (.text:_pconv_a)
                  000010d8    00000200     main.obj (.text)
                  000012d8    000001d0     rtsv7M4_T_le_v4SPD16_eabi.lib : _printfi.c.obj (.text:_pconv_g)
                  000014a8    000001b6                                   : fd_add_t2.asm.obj (.text)
                  0000165e    00000002     --HOLE-- [fill = 0]
                  00001660    0000013c                                   : _printfi.c.obj (.text:_pconv_e)
                  0000179c    00000136                                   : fd_div_t2.asm.obj (.text)
                  000018d2    00000002     --HOLE-- [fill = 0]
                  000018d4    00000124                                   : _printfi.c.obj (.text:fcvt)
                  000019f8    00000110                                   : s_scalbn.c.obj (.text:scalbn)
                  00001b08    000000fc                                   : fd_mul_t2.asm.obj (.text)
                  00001c04    000000b1                                   : _printfi.c.obj (.text:_ltostr)
                  00001cb5    00000001     --HOLE-- [fill = 0]
                  00001cb6    0000009c                                   : memcpy_t2.asm.obj (.text)
                  00001d52    00000096                                   : ull_div_t2.asm.obj (.text)
                  00001de8    00000086                                   : fd_cmp_t2.asm.obj (.text:__aeabi_cdcmple)
                  00001e6e    00000086                                   : fd_cmp_t2.asm.obj (.text:__aeabi_cdrcmple)
                  00001ef4    0000007a                                   : memset_t2.asm.obj (.text)
                  00001f6e    0000006e                                   : _printfi.c.obj (.text:_mcpy)
                  00001fdc    00000068                                   : copy_decompress_lzss.c.obj (.text:decompress:lzss:__TI_decompress_lzss)
                  00002044    00000064                                   : s_frexp.c.obj (.text:frexp)
                  000020a8    00000056                                   : _printfi.c.obj (.text:_pconv_f)
                  000020fe    00000054                                   : _ltoa.c.obj (.text:__TI_ltoa)
                  00002152    00000052                                   : _printfi.c.obj (.text:_ecpy)
                  000021a4    0000004c                                   : atoi.c.obj (.text:atoi)
                  000021f0    00000048                                   : fd_toi_t2.asm.obj (.text)
                  00002238    00000044                                   : autoinit.c.obj (.text:__TI_auto_init_nobinit_nopinit:__TI_auto_init_nobinit_nopinit)
                  0000227c    00000040                                   : sprintf.c.obj (.text:sprintf)
                  000022bc    0000003e                                   : _printfi.c.obj (.text:_fcpy)
                  000022fa    00000038                                   : fs_tod_t2.asm.obj (.text)
                  00002332    00000002     --HOLE-- [fill = 0]
                  00002334    00000034                                   : boot_cortex_m.c.obj (.text:_c_int00_noargs:_c_int00_noargs)
                  00002368    0000002e                                   : i_tofd_t2.asm.obj (.text)
                  00002396    0000001c                                   : copy_zero_init.c.obj (.text:decompress:ZI:__TI_zero_init_nomemset:__TI_zero_init_nomemset)
                  000023b2    0000001c                                   : memccpy.c.obj (.text:memccpy)
                  000023ce    0000001a                                   : s_copysign.c.obj (.text:copysign)
                  000023e8    00000018                                   : sprintf.c.obj (.text:_outs)
                  00002400    00000016                                   : strchr.c.obj (.text:strchr)
                  00002416    00000014                                   : strlen.c.obj (.text:strlen)
                  0000242a    00000012                                   : wcslen.c.obj (.text:wcslen)
                  0000243c    0000000e                                   : copy_decompress_none.c.obj (.text:decompress:none:__TI_decompress_none)
                  0000244a    0000000e     startup_msp432p401r_ccs.obj (.text)
                  00002458    0000000a     rtsv7M4_T_le_v4SPD16_eabi.lib : sprintf.c.obj (.text:_outc)
                  00002462    00000002     --HOLE-- [fill = 0]
                  00002464    00000008                                   : errno.c.obj (.text:__aeabi_errno_addr)
                  0000246c    00000004                                   : pre_init.c.obj (.text:_system_pre_init)
                  00002470    00000004                                   : exit.c.obj (.text:abort:abort)

.const     0    00002474    00000101     
                  00002474    00000101     rtsv7M4_T_le_v4SPD16_eabi.lib : ctype.c.obj (.const:.string:_ctypes_)

.cinit     0    00002578    00000030     
                  00002578    0000000c     (.cinit..data.load) [load image, compression = lzss]
                  00002584    0000000c     (__TI_handler_table)
                  00002590    00000008     (.cinit..bss.load) [load image, compression = zero_init]
                  00002598    00000010     (__TI_cinit_table)

.init_array 
*          0    00000000    00000000     UNINITIALIZED

.binit     0    00000000    00000000     

.bss       0    20000000    00000010     UNINITIALIZED
                  20000000    00000010     (.common:buffer)

.data      0    20000010    0000000a     UNINITIALIZED
                  20000010    00000004     rtsv7M4_T_le_v4SPD16_eabi.lib : errno.c.obj (.data)
                  20000014    00000004     system_msp432p401r.obj (.data)
                  20000018    00000002     main.obj (.data)

.stack     0    2000fe00    00000200     UNINITIALIZED
                  2000fe00    00000004     rtsv7M4_T_le_v4SPD16_eabi.lib : boot_cortex_m.c.obj (.stack)
                  2000fe04    000001fc     --HOLE--

__llvm_prf_cnts 
*          0    20000000    00000000     UNINITIALIZED

MODULE SUMMARY

       Module                        code   ro data   rw data
       ------                        ----   -------   -------
    .\
       system_msp432p401r.obj        820    0         8      
       main.obj                      512    0         36     
       startup_msp432p401r_ccs.obj   14     228       0      
    +--+-----------------------------+------+---------+---------+
       Total:                        1346   228       44     
                                                             
    C:\ti\ccs1000\ccs\tools\compiler\ti-cgt-arm_20.2.0.LTS\lib\rtsv7M4_T_le_v4SPD16_eabi.lib
       _printfi.c.obj                4851   0         0      
       fd_add_t2.asm.obj             438    0         0      
       fd_div_t2.asm.obj             310    0         0      
       s_scalbn.c.obj                272    0         0      
       fd_cmp_t2.asm.obj             268    0         0      
       ctype.c.obj                   0      257       0      
       fd_mul_t2.asm.obj             252    0         0      
       memcpy_t2.asm.obj             156    0         0      
       ull_div_t2.asm.obj            150    0         0      
       memset_t2.asm.obj             122    0         0      
       copy_decompress_lzss.c.obj    104    0         0      
       s_frexp.c.obj                 100    0         0      
       sprintf.c.obj                 98     0         0      
       _ltoa.c.obj                   84     0         0      
       atoi.c.obj                    76     0         0      
       fd_toi_t2.asm.obj             72     0         0      
       autoinit.c.obj                68     0         0      
       fs_tod_t2.asm.obj             56     0         0      
       boot_cortex_m.c.obj           52     0         0      
       i_tofd_t2.asm.obj             46     0         0      
       copy_zero_init.c.obj          28     0         0      
       memccpy.c.obj                 28     0         0      
       s_copysign.c.obj              26     0         0      
       strchr.c.obj                  22     0         0      
       strlen.c.obj                  20     0         0      
       wcslen.c.obj                  18     0         0      
       errno.c.obj                   8      0         8      
       copy_decompress_none.c.obj    14     0         0      
       exit.c.obj                    4      0         0      
       pre_init.c.obj                4      0         0      
       div0.asm.obj                  2      0         0      
    +--+-----------------------------+------+---------+---------+
       Total:                        7749   257       8      
                                                             
       Stack:                        0      0         1024   
       Linker Generated:             0      48        0      
    +--+-----------------------------+------+---------+---------+
       Grand Total:                  9095   533       1076   


LINKER GENERATED COPY TABLES

__TI_cinit_table @ 00002598 records: 2, size/record: 8, table size: 16
	.data: load addr=00002578, load size=0000000c bytes, run addr=20000010, run size=0000000a bytes, compression=lzss
	.bss: load addr=00002590, load size=00000008 bytes, run addr=20000000, run size=00000010 bytes, compression=zero_init


LINKER GENERATED HANDLER TABLE

__TI_handler_table @ 00002584 records: 3, size/record: 4, table size: 12
	index: 0, handler: __TI_decompress_lzss
	index: 1, handler: __TI_decompress_none
	index: 2, handler: __TI_zero_init


GLOBAL SYMBOLS: SORTED ALPHABETICALLY BY Name 

address   name                          
-------   ----                          
00002457  ADC14_IRQHandler              
00002457  AES256_IRQHandler             
00002457  BusFault_Handler              
00002471  C$$EXIT                       
00002457  COMP_E0_IRQHandler            
00002457  COMP_E1_IRQHandler            
00002457  CS_IRQHandler                 
00002457  DMA_ERR_IRQHandler            
00002457  DMA_INT0_IRQHandler           
00002457  DMA_INT1_IRQHandler           
00002457  DMA_INT2_IRQHandler           
00002457  DMA_INT3_IRQHandler           
00002457  DebugMon_Handler              
00002457  Default_Handler               
00002457  EUSCIA0_IRQHandler            
00002457  EUSCIA1_IRQHandler            
00002457  EUSCIA2_IRQHandler            
00002457  EUSCIA3_IRQHandler            
00002457  EUSCIB0_IRQHandler            
00002457  EUSCIB1_IRQHandler            
00002457  EUSCIB2_IRQHandler            
00002457  EUSCIB3_IRQHandler            
00002457  FLCTL_IRQHandler              
00002457  FPU_IRQHandler                
00002457  HardFault_Handler             
00002457  MemManage_Handler             
00002457  NMI_Handler                   
00002457  PCM_IRQHandler                
00002457  PORT1_IRQHandler              
00002457  PORT2_IRQHandler              
00002457  PORT3_IRQHandler              
00002457  PORT4_IRQHandler              
00002457  PORT5_IRQHandler              
00002457  PORT6_IRQHandler              
00002457  PSS_IRQHandler                
00002457  PendSV_Handler                
00002457  RTC_C_IRQHandler              
0000244b  Reset_Handler                 
00002457  SVC_Handler                   
0000115d  SysTick_Handler               
0000115d  SysTick_Handler               
20000014  SystemCoreClock               
00000b35  SystemCoreClockUpdate         
00000dad  SystemInit                    
00002457  T32_INT1_IRQHandler           
00002457  T32_INT2_IRQHandler           
00002457  T32_INTC_IRQHandler           
00002457  TA0_0_IRQHandler              
00002457  TA0_N_IRQHandler              
00002457  TA1_0_IRQHandler              
00002457  TA1_N_IRQHandler              
00002457  TA2_0_IRQHandler              
00002457  TA2_N_IRQHandler              
00002457  TA3_0_IRQHandler              
00002457  TA3_N_IRQHandler              
00002457  UsageFault_Handler            
4000480c  WDTCTL_SYM                    
00002457  WDT_A_IRQHandler              
20010000  __STACK_END                   
00000200  __STACK_SIZE                  
00002598  __TI_CINIT_Base               
000025a8  __TI_CINIT_Limit              
00002584  __TI_Handler_Table_Base       
00002590  __TI_Handler_Table_Limit      
00002239  __TI_auto_init_nobinit_nopinit
00001fdd  __TI_decompress_lzss          
0000243d  __TI_decompress_none          
000020ff  __TI_ltoa                     
ffffffff  __TI_pprof_out_hndl           
000000e5  __TI_printfi                  
ffffffff  __TI_prof_data_size           
ffffffff  __TI_prof_data_start          
00000000  __TI_static_base__            
00002397  __TI_zero_init_nomemset       
00001de9  __aeabi_cdcmpeq               
00001de9  __aeabi_cdcmple               
00001e6f  __aeabi_cdrcmple              
000021f1  __aeabi_d2iz                  
000014b3  __aeabi_dadd                  
0000179d  __aeabi_ddiv                  
00001b09  __aeabi_dmul                  
000014a9  __aeabi_dsub                  
00002465  __aeabi_errno_addr            
000022fb  __aeabi_f2d                   
00002369  __aeabi_i2d                   
00000b33  __aeabi_idiv0                 
00000b33  __aeabi_ldiv0                 
00001ef5  __aeabi_memclr                
00001ef5  __aeabi_memclr4               
00001ef5  __aeabi_memclr8               
00001cb7  __aeabi_memcpy                
00001cb7  __aeabi_memcpy4               
00001cb7  __aeabi_memcpy8               
00001ef7  __aeabi_memset                
00001ef7  __aeabi_memset4               
00001ef7  __aeabi_memset8               
00001d53  __aeabi_uldivmod              
ffffffff  __binit__                     
ffffffff  __c_args__                    
UNDEFED   __mpu_init                    
2000fe00  __stack                       
20000000  __start___llvm_prf_cnts       
20000000  __stop___llvm_prf_cnts        
00002335  _c_int00_noargs               
00002474  _ctypes_                      
UNDEFED   _system_post_cinit            
0000246d  _system_pre_init              
00002471  abort                         
000021a5  atoi                          
ffffffff  binit                         
20000000  buffer                        
000023cf  copysign                      
000023cf  copysignl                     
20000010  errno                         
00002045  frexp                         
00002045  frexpl                        
00000000  interruptVectors              
000019f9  ldexp                         
000019f9  ldexpl                        
000010d9  main                          
000023b3  memccpy                       
00001cb7  memcpy                        
00001efd  memset                        
00001193  pcEchoSetup                   
000011cf  percentage                    
20000018  pulse                         
000019f9  scalbn                        
000019f9  scalbnl                       
0000120f  sendMessage                   
0000123f  set3MhzClock                  
0000227d  sprintf                       
00002401  strchr                        
00002417  strlen                        
0000242b  wcslen                        


GLOBAL SYMBOLS: SORTED BY Symbol Address 

address   name                          
-------   ----                          
00000000  __TI_static_base__            
00000000  interruptVectors              
000000e5  __TI_printfi                  
00000200  __STACK_SIZE                  
00000b33  __aeabi_idiv0                 
00000b33  __aeabi_ldiv0                 
00000b35  SystemCoreClockUpdate         
00000dad  SystemInit                    
000010d9  main                          
0000115d  SysTick_Handler               
0000115d  SysTick_Handler               
00001193  pcEchoSetup                   
000011cf  percentage                    
0000120f  sendMessage                   
0000123f  set3MhzClock                  
000014a9  __aeabi_dsub                  
000014b3  __aeabi_dadd                  
0000179d  __aeabi_ddiv                  
000019f9  ldexp                         
000019f9  ldexpl                        
000019f9  scalbn                        
000019f9  scalbnl                       
00001b09  __aeabi_dmul                  
00001cb7  __aeabi_memcpy                
00001cb7  __aeabi_memcpy4               
00001cb7  __aeabi_memcpy8               
00001cb7  memcpy                        
00001d53  __aeabi_uldivmod              
00001de9  __aeabi_cdcmpeq               
00001de9  __aeabi_cdcmple               
00001e6f  __aeabi_cdrcmple              
00001ef5  __aeabi_memclr                
00001ef5  __aeabi_memclr4               
00001ef5  __aeabi_memclr8               
00001ef7  __aeabi_memset                
00001ef7  __aeabi_memset4               
00001ef7  __aeabi_memset8               
00001efd  memset                        
00001fdd  __TI_decompress_lzss          
00002045  frexp                         
00002045  frexpl                        
000020ff  __TI_ltoa                     
000021a5  atoi                          
000021f1  __aeabi_d2iz                  
00002239  __TI_auto_init_nobinit_nopinit
0000227d  sprintf                       
000022fb  __aeabi_f2d                   
00002335  _c_int00_noargs               
00002369  __aeabi_i2d                   
00002397  __TI_zero_init_nomemset       
000023b3  memccpy                       
000023cf  copysign                      
000023cf  copysignl                     
00002401  strchr                        
00002417  strlen                        
0000242b  wcslen                        
0000243d  __TI_decompress_none          
0000244b  Reset_Handler                 
00002457  ADC14_IRQHandler              
00002457  AES256_IRQHandler             
00002457  BusFault_Handler              
00002457  COMP_E0_IRQHandler            
00002457  COMP_E1_IRQHandler            
00002457  CS_IRQHandler                 
00002457  DMA_ERR_IRQHandler            
00002457  DMA_INT0_IRQHandler           
00002457  DMA_INT1_IRQHandler           
00002457  DMA_INT2_IRQHandler           
00002457  DMA_INT3_IRQHandler           
00002457  DebugMon_Handler              
00002457  Default_Handler               
00002457  EUSCIA0_IRQHandler            
00002457  EUSCIA1_IRQHandler            
00002457  EUSCIA2_IRQHandler            
00002457  EUSCIA3_IRQHandler            
00002457  EUSCIB0_IRQHandler            
00002457  EUSCIB1_IRQHandler            
00002457  EUSCIB2_IRQHandler            
00002457  EUSCIB3_IRQHandler            
00002457  FLCTL_IRQHandler              
00002457  FPU_IRQHandler                
00002457  HardFault_Handler             
00002457  MemManage_Handler             
00002457  NMI_Handler                   
00002457  PCM_IRQHandler                
00002457  PORT1_IRQHandler              
00002457  PORT2_IRQHandler              
00002457  PORT3_IRQHandler              
00002457  PORT4_IRQHandler              
00002457  PORT5_IRQHandler              
00002457  PORT6_IRQHandler              
00002457  PSS_IRQHandler                
00002457  PendSV_Handler                
00002457  RTC_C_IRQHandler              
00002457  SVC_Handler                   
00002457  T32_INT1_IRQHandler           
00002457  T32_INT2_IRQHandler           
00002457  T32_INTC_IRQHandler           
00002457  TA0_0_IRQHandler              
00002457  TA0_N_IRQHandler              
00002457  TA1_0_IRQHandler              
00002457  TA1_N_IRQHandler              
00002457  TA2_0_IRQHandler              
00002457  TA2_N_IRQHandler              
00002457  TA3_0_IRQHandler              
00002457  TA3_N_IRQHandler              
00002457  UsageFault_Handler            
00002457  WDT_A_IRQHandler              
00002465  __aeabi_errno_addr            
0000246d  _system_pre_init              
00002471  C$$EXIT                       
00002471  abort                         
00002474  _ctypes_                      
00002584  __TI_Handler_Table_Base       
00002590  __TI_Handler_Table_Limit      
00002598  __TI_CINIT_Base               
000025a8  __TI_CINIT_Limit              
20000000  __start___llvm_prf_cnts       
20000000  __stop___llvm_prf_cnts        
20000000  buffer                        
20000010  errno                         
20000014  SystemCoreClock               
20000018  pulse                         
2000fe00  __stack                       
20010000  __STACK_END                   
4000480c  WDTCTL_SYM                    
ffffffff  __TI_pprof_out_hndl           
ffffffff  __TI_prof_data_size           
ffffffff  __TI_prof_data_start          
ffffffff  __binit__                     
ffffffff  __c_args__                    
ffffffff  binit                         
UNDEFED   __mpu_init                    
UNDEFED   _system_post_cinit            

[134 symbols]
