******************************************************************************
                  TI ARM Linker PC v20.2.0                     
******************************************************************************
>> Linked Mon Nov  9 20:50:03 2020

OUTPUT FILE NAME:   <IPIA Final Code Client.out>
ENTRY POINT SYMBOL: "_c_int00_noargs"  address: 00003e61


MEMORY CONFIGURATION

         name            origin    length      used     unused   attr    fill
----------------------  --------  ---------  --------  --------  ----  --------
  MAIN                  00000000   00040000  0000437a  0003bc86  R  X
  INFO                  00200000   00004000  00000000  00004000  R  X
  SRAM_CODE             01000000   00010000  00000ac0  0000f540  RW X
  SRAM_DATA             20000000   00010000  00000ac0  0000f540  RW  


SEGMENT ALLOCATION MAP

run origin  load origin   length   init length attrs members
----------  ----------- ---------- ----------- ----- -------
00000000    00000000    00004380   00004380    r-x
  00000000    00000000    000000e4   000000e4    r-- .intvecs
  000000e4    000000e4    00004028   00004028    r-x .text
  00004110    00004110    000001d6   000001d6    r-- .const
  000042e8    000042e8    00000098   00000098    r-- .cinit
20000000    20000000    000008c0   00000000    rw-
  20000000    20000000    00000400   00000000    rw- .sysmem
  20000400    20000400    000002c8   00000000    rw- .bss
  200006c8    200006c8    000001f8   00000000    rw- .data
2000fe00    2000fe00    00000200   00000000    rw-
  2000fe00    2000fe00    00000200   00000000    rw- .stack


SECTION ALLOCATION MAP

 output                                  attributes/
section   page    origin      length       input sections
--------  ----  ----------  ----------   ----------------
.intvecs   0    00000000    000000e4     
                  00000000    000000e4     startup_msp432p401r_ccs.obj (.intvecs:retain)

.text      0    000000e4    00004028     
                  000000e4    00000a4e     rtsv7M4_T_le_v4SPD16_eabi.lib : _printfi.c.obj (.text:__TI_printfi)
                  00000b32    00000002                                   : _lock.c.obj (.text:_nop)
                  00000b34    00000864     main.obj (.text)
                  00001398    000005a8     GPS.obj (.text)
                  00001940    00000460     rtsv7M4_T_le_v4SPD16_eabi.lib : strtod.c.obj (.text:strtod)
                  00001da0    00000334     system_msp432p401r.obj (.text)
                  000020d4    00000270     rtsv7M4_T_le_v4SPD16_eabi.lib : _printfi.c.obj (.text:_pconv_a)
                  00002344    000001d0                                   : _printfi.c.obj (.text:_pconv_g)
                  00002514    000001b6                                   : fd_add_t2.asm.obj (.text)
                  000026ca    00000002                                   : div0.asm.obj (.text)
                  000026cc    0000013c                                   : _printfi.c.obj (.text:_pconv_e)
                  00002808    00000136                                   : fd_div_t2.asm.obj (.text)
                  0000293e    00000002     --HOLE-- [fill = 0]
                  00002940    00000124                                   : _printfi.c.obj (.text:fcvt)
                  00002a64    00000114                                   : fputs.c.obj (.text:fputs)
                  00002b78    00000110                                   : s_scalbn.c.obj (.text:scalbn)
                  00002c88    00000108                                   : memory.c.obj (.text:aligned_alloc)
                  00002d90    000000fc                                   : fd_mul_t2.asm.obj (.text)
                  00002e8c    000000e4                                   : memory.c.obj (.text:free)
                  00002f70    000000dc                                   : setvbuf.c.obj (.text:setvbuf)
                  0000304c    000000b1                                   : _printfi.c.obj (.text:_ltostr)
                  000030fd    00000001     --HOLE-- [fill = 0]
                  000030fe    0000009c                                   : memcpy_t2.asm.obj (.text)
                  0000319a    00000096                                   : ull_div_t2.asm.obj (.text)
                  00003230    0000008c                                   : fputc.c.obj (.text:fputc)
                  000032bc    00000086                                   : fd_cmp_t2.asm.obj (.text:__aeabi_cdcmple)
                  00003342    00000086                                   : fd_cmp_t2.asm.obj (.text:__aeabi_cdrcmple)
                  000033c8    0000007a                                   : memset_t2.asm.obj (.text)
                  00003442    00000002     --HOLE-- [fill = 0]
                  00003444    00000074                                   : fclose.c.obj (.text:__TI_closefile)
                  000034b8    00000070                                   : memory.c.obj (.text:split)
                  00003528    0000006e                                   : _printfi.c.obj (.text:_mcpy)
                  00003596    00000002     --HOLE-- [fill = 0]
                  00003598    0000006c                                   : hostrename.c.obj (.text:HOSTrename)
                  00003604    00000068                                   : hostlseek.c.obj (.text:HOSTlseek)
                  0000366c    00000068                                   : copy_decompress_lzss.c.obj (.text:decompress:lzss:__TI_decompress_lzss)
                  000036d4    00000068                                   : printf.c.obj (.text:printf)
                  0000373c    00000064                                   : s_frexp.c.obj (.text:frexp)
                  000037a0    00000064                                   : fseek.c.obj (.text:fseek)
                  00003804    00000062                                   : _io_perm.c.obj (.text:__TI_wrt_ok)
                  00003866    00000002     --HOLE-- [fill = 0]
                  00003868    00000060                                   : hostopen.c.obj (.text:HOSTopen)
                  000038c8    0000005c                                   : close.c.obj (.text:close)
                  00003924    00000058                                   : hostread.c.obj (.text:HOSTread)
                  0000397c    00000058                                   : hostwrite.c.obj (.text:HOSTwrite)
                  000039d4    00000056                                   : _printfi.c.obj (.text:_pconv_f)
                  00003a2a    00000054                                   : _ltoa.c.obj (.text:__TI_ltoa)
                  00003a7e    00000052                                   : _printfi.c.obj (.text:_ecpy)
                  00003ad0    0000004c                                   : fflush.c.obj (.text:__TI_doflush)
                  00003b1c    0000004c                                   : atoi.c.obj (.text:atoi)
                  00003b68    00000048                                   : exit.c.obj (.text:exit)
                  00003bb0    00000048                                   : fd_toi_t2.asm.obj (.text)
                  00003bf8    00000044                                   : hostclose.c.obj (.text:HOSTclose)
                  00003c3c    00000044                                   : hostunlink.c.obj (.text:HOSTunlink)
                  00003c80    00000044                                   : autoinit.c.obj (.text:__TI_auto_init_nobinit_nopinit:__TI_auto_init_nobinit_nopinit)
                  00003cc4    00000044                                   : getdevice.c.obj (.text:getdevice)
                  00003d08    00000040                                   : sprintf.c.obj (.text:sprintf)
                  00003d48    0000003e                                   : _printfi.c.obj (.text:_fcpy)
                  00003d86    00000002     --HOLE-- [fill = 0]
                  00003d88    00000038                                   : trgmsg.c.obj (.text:__TI_writemsg)
                  00003dc0    00000036                                   : strncpy.c.obj (.text:strncpy)
                  00003df6    00000002     --HOLE-- [fill = 0]
                  00003df8    00000034                                   : fopen.c.obj (.text:__TI_cleanup)
                  00003e2c    00000034                                   : trgmsg.c.obj (.text:__TI_readmsg)
                  00003e60    00000034                                   : boot_cortex_m.c.obj (.text:_c_int00_noargs:_c_int00_noargs)
                  00003e94    00000030                                   : getdevice.c.obj (.text:finddevice)
                  00003ec4    0000002e                                   : i_tofd_t2.asm.obj (.text)
                  00003ef2    00000002     --HOLE-- [fill = 0]
                  00003ef4    0000002c                                   : unlink.c.obj (.text:unlink)
                  00003f20    00000028                                   : memory.c.obj (.text:free_list_insert)
                  00003f48    00000028                                   : lseek.c.obj (.text:lseek)
                  00003f70    00000028                                   : write.c.obj (.text:write)
                  00003f98    00000020                                   : memchr.c.obj (.text:memchr)
                  00003fb8    00000020                                   : u_tofd_t2.asm.obj (.text)
                  00003fd8    0000001c                                   : copy_zero_init.c.obj (.text:decompress:ZI:__TI_zero_init_nomemset:__TI_zero_init_nomemset)
                  00003ff4    0000001c                                   : memory.c.obj (.text:free_list_remove)
                  00004010    0000001c                                   : memccpy.c.obj (.text:memccpy)
                  0000402c    0000001a                                   : s_copysign.c.obj (.text:copysign)
                  00004046    00000018                                   : sprintf.c.obj (.text:_outs)
                  0000405e    00000018                                   : strcmp.c.obj (.text:strcmp)
                  00004076    00000016                                   : strchr.c.obj (.text:strchr)
                  0000408c    00000014                                   : strcpy.c.obj (.text:strcpy)
                  000040a0    00000014                                   : strlen.c.obj (.text:strlen)
                  000040b4    00000012                                   : wcslen.c.obj (.text:wcslen)
                  000040c6    0000000e                                   : copy_decompress_none.c.obj (.text:decompress:none:__TI_decompress_none)
                  000040d4    0000000e     startup_msp432p401r_ccs.obj (.text)
                  000040e2    0000000a     rtsv7M4_T_le_v4SPD16_eabi.lib : sprintf.c.obj (.text:_outc)
                  000040ec    00000008                                   : errno.c.obj (.text:__aeabi_errno_addr)
                  000040f4    00000008                                   : memory.c.obj (.text:malloc)
                  000040fc    00000004                                   : printf.c.obj (.text:_outc)
                  00004100    00000004                                   : printf.c.obj (.text:_outs)
                  00004104    00000004                                   : pre_init.c.obj (.text:_system_pre_init)
                  00004108    00000004                                   : exit.c.obj (.text:abort:abort)

.const     0    00004110    000001d6     
                  00004110    00000101     rtsv7M4_T_le_v4SPD16_eabi.lib : ctype.c.obj (.const:.string:_ctypes_)
                  00004211    00000007     --HOLE-- [fill = 0]
                  00004218    000000c8                                   : strtod.c.obj (.const:$O1$$)
                  000042e0    00000006     main.obj (.const:.string)

.cinit     0    000042e8    00000098     
                  000042e8    00000074     (.cinit..data.load) [load image, compression = lzss]
                  0000435c    0000000c     (__TI_handler_table)
                  00004368    00000008     (.cinit..bss.load) [load image, compression = zero_init]
                  00004370    00000010     (__TI_cinit_table)

.init_array 
*          0    00000000    00000000     UNINITIALIZED

.binit     0    00000000    00000000     

.sysmem    0    20000000    00000400     UNINITIALIZED
                  20000000    00000010     rtsv7M4_T_le_v4SPD16_eabi.lib : memory.c.obj (.sysmem)
                  20000010    000003f0     --HOLE--

.bss       0    20000400    000002c8     UNINITIALIZED
                  20000400    00000120     rtsv7M4_T_le_v4SPD16_eabi.lib : trgmsg.c.obj (.bss:_CIOBUF_)
                  20000520    000000a0     (.common:__TI_tmpnams)
                  200005c0    00000054     (.common:buffer)
                  20000614    00000030     main.obj (.bss:localCoordinate$3)
                  20000644    0000002c     (.common:gps)
                  20000670    0000001e     (.common:gpsCoordinates)
                  2000068e    00000018     main.obj (.bss:localTime$2)
                  200006a6    0000000d     (.common:gpsTime)
                  200006b3    00000008     (.common:parmbuf)
                  200006bb    00000001     --HOLE--
                  200006bc    00000006     (.common:sysTime)
                  200006c2    00000002     --HOLE--
                  200006c4    00000004     GPS.obj (.bss)

.data      0    200006c8    000001f8     UNINITIALIZED
                  200006c8    000000f0     rtsv7M4_T_le_v4SPD16_eabi.lib : defs.c.obj (.data:_ftable)
                  200007b8    00000078                                   : host_device.c.obj (.data:_device)
                  20000830    00000050                                   : host_device.c.obj (.data:_stream)
                  20000880    00000010                                   : defs.c.obj (.data)
                  20000890    0000000c                                   : exit.c.obj (.data:$O1$$)
                  2000089c    00000009     main.obj (.data)
                  200008a5    00000003     --HOLE--
                  200008a8    00000008     rtsv7M4_T_le_v4SPD16_eabi.lib : _lock.c.obj (.data:$O1$$)
                  200008b0    00000008                                   : memory.c.obj (.data:$O1$$)
                  200008b8    00000004                                   : errno.c.obj (.data)
                  200008bc    00000004     system_msp432p401r.obj (.data)

.stack     0    2000fe00    00000200     UNINITIALIZED
                  2000fe00    00000004     rtsv7M4_T_le_v4SPD16_eabi.lib : boot_cortex_m.c.obj (.stack)
                  2000fe04    000001fc     --HOLE--

__llvm_prf_cnts 
*          0    20000000    00000000     UNINITIALIZED

MODULE SUMMARY

       Module                        code    ro data   rw data
       ------                        ----    -------   -------
    .\
       main.obj                      2148    6         516    
       GPS.obj                       1448    0         8      
       system_msp432p401r.obj        820     0         8      
       startup_msp432p401r_ccs.obj   14      228       0      
    +--+-----------------------------+-------+---------+---------+
       Total:                        4430    234       532    
                                                              
    C:\ti\ccs1000\ccs\tools\compiler\ti-cgt-arm_20.2.0.LTS\lib\rtsv7M4_T_le_v4SPD16_eabi.lib
       _printfi.c.obj                4851    0         0      
       strtod.c.obj                  1120    200       0      
       defs.c.obj                    0       0         832    
       memory.c.obj                  680     0         16     
       trgmsg.c.obj                  108     0         576    
       fd_add_t2.asm.obj             438     0         0      
       host_device.c.obj             0       0         400    
       fd_div_t2.asm.obj             310     0         0      
       fputs.c.obj                   276     0         0      
       s_scalbn.c.obj                272     0         0      
       fd_cmp_t2.asm.obj             268     0         0      
       ctype.c.obj                   0       257       0      
       fd_mul_t2.asm.obj             252     0         0      
       setvbuf.c.obj                 220     0         0      
       memcpy_t2.asm.obj             156     0         0      
       ull_div_t2.asm.obj            150     0         0      
       fputc.c.obj                   140     0         0      
       memset_t2.asm.obj             122     0         0      
       fclose.c.obj                  116     0         0      
       getdevice.c.obj               116     0         0      
       hostopen.c.obj                96      0         16     
       printf.c.obj                  112     0         0      
       hostrename.c.obj              108     0         0      
       copy_decompress_lzss.c.obj    104     0         0      
       hostlseek.c.obj               104     0         0      
       exit.c.obj                    76      0         24     
       fseek.c.obj                   100     0         0      
       s_frexp.c.obj                 100     0         0      
       _io_perm.c.obj                98      0         0      
       sprintf.c.obj                 98      0         0      
       close.c.obj                   92      0         0      
       hostread.c.obj                88      0         0      
       hostwrite.c.obj               88      0         0      
       _ltoa.c.obj                   84      0         0      
       atoi.c.obj                    76      0         0      
       fflush.c.obj                  76      0         0      
       fd_toi_t2.asm.obj             72      0         0      
       autoinit.c.obj                68      0         0      
       hostclose.c.obj               68      0         0      
       hostunlink.c.obj              68      0         0      
       strncpy.c.obj                 54      0         0      
       boot_cortex_m.c.obj           52      0         0      
       fopen.c.obj                   52      0         0      
       i_tofd_t2.asm.obj             46      0         0      
       unlink.c.obj                  44      0         0      
       lseek.c.obj                   40      0         0      
       write.c.obj                   40      0         0      
       memchr.c.obj                  32      0         0      
       u_tofd_t2.asm.obj             32      0         0      
       copy_zero_init.c.obj          28      0         0      
       memccpy.c.obj                 28      0         0      
       s_copysign.c.obj              26      0         0      
       strcmp.c.obj                  24      0         0      
       strchr.c.obj                  22      0         0      
       strcpy.c.obj                  20      0         0      
       strlen.c.obj                  20      0         0      
       _lock.c.obj                   2       0         16     
       wcslen.c.obj                  18      0         0      
       errno.c.obj                   8       0         8      
       copy_decompress_none.c.obj    14      0         0      
       pre_init.c.obj                4       0         0      
       div0.asm.obj                  2       0         0      
    +--+-----------------------------+-------+---------+---------+
       Total:                        11979   457       1888   
                                                              
       Heap:                         0       0         2048   
       Stack:                        0       0         1024   
       Linker Generated:             0       152       0      
    +--+-----------------------------+-------+---------+---------+
       Grand Total:                  16409   843       5492   


LINKER GENERATED COPY TABLES

__TI_cinit_table @ 00004370 records: 2, size/record: 8, table size: 16
	.data: load addr=000042e8, load size=00000074 bytes, run addr=200006c8, run size=000001f8 bytes, compression=lzss
	.bss: load addr=00004368, load size=00000008 bytes, run addr=20000400, run size=000002c8 bytes, compression=zero_init


LINKER GENERATED HANDLER TABLE

__TI_handler_table @ 0000435c records: 3, size/record: 4, table size: 12
	index: 0, handler: __TI_decompress_lzss
	index: 1, handler: __TI_decompress_none
	index: 2, handler: __TI_zero_init


GLOBAL SYMBOLS: SORTED ALPHABETICALLY BY Name 

address   name                           
-------   ----                           
000011f9  ADC14_IRQHandler               
000011f9  ADC14_IRQHandler               
000040e1  AES256_IRQHandler              
000040e1  BusFault_Handler               
00004109  C$$EXIT                        
00003db7  C$$IO$$                        
000040e1  COMP_E0_IRQHandler             
000040e1  COMP_E1_IRQHandler             
000040e1  CS_IRQHandler                  
000040e1  DMA_ERR_IRQHandler             
000040e1  DMA_INT0_IRQHandler            
000040e1  DMA_INT1_IRQHandler            
000040e1  DMA_INT2_IRQHandler            
000040e1  DMA_INT3_IRQHandler            
000040e1  DebugMon_Handler               
000040e1  Default_Handler                
000040e1  EUSCIA0_IRQHandler             
00000eed  EUSCIA1_IRQHandler             
00000eed  EUSCIA1_IRQHandler             
000040e1  EUSCIA2_IRQHandler             
000040e1  EUSCIA3_IRQHandler             
000040e1  EUSCIB0_IRQHandler             
000040e1  EUSCIB1_IRQHandler             
000040e1  EUSCIB2_IRQHandler             
000040e1  EUSCIB3_IRQHandler             
000040e1  FLCTL_IRQHandler               
000040e1  FPU_IRQHandler                 
00003bf9  HOSTclose                      
00003605  HOSTlseek                      
00003869  HOSTopen                       
00003925  HOSTread                       
00003599  HOSTrename                     
00003c3d  HOSTunlink                     
0000397d  HOSTwrite                      
000040e1  HardFault_Handler              
000040e1  MemManage_Handler              
000040e1  NMI_Handler                    
000040e1  PCM_IRQHandler                 
000040e1  PORT1_IRQHandler               
000040e1  PORT2_IRQHandler               
000040e1  PORT3_IRQHandler               
000040e1  PORT4_IRQHandler               
000040e1  PORT5_IRQHandler               
000040e1  PORT6_IRQHandler               
000040e1  PSS_IRQHandler                 
000040e1  PendSV_Handler                 
000040e1  RTC_C_IRQHandler               
000040d5  Reset_Handler                  
000040e1  SVC_Handler                    
000040e1  SysTick_Handler                
200008bc  SystemCoreClock                
00001da1  SystemCoreClockUpdate          
00002019  SystemInit                     
000040e1  T32_INT1_IRQHandler            
000040e1  T32_INT2_IRQHandler            
000040e1  T32_INTC_IRQHandler            
000040e1  TA0_0_IRQHandler               
000040e1  TA0_N_IRQHandler               
000040e1  TA1_0_IRQHandler               
000040e1  TA1_N_IRQHandler               
00001165  TA2_0_IRQHandler               
00001165  TA2_0_IRQHandler               
000040e1  TA2_N_IRQHandler               
000040e1  TA3_0_IRQHandler               
000040e1  TA3_N_IRQHandler               
000040e1  UsageFault_Handler             
4000480c  WDTCTL_SYM                     
000040e1  WDT_A_IRQHandler               
20000400  __CIOBUF_                      
20010000  __STACK_END                    
00000200  __STACK_SIZE                   
00000400  __SYSMEM_SIZE                  
00004370  __TI_CINIT_Base                
00004380  __TI_CINIT_Limit               
0000435c  __TI_Handler_Table_Base        
00004368  __TI_Handler_Table_Limit       
00003c81  __TI_auto_init_nobinit_nopinit 
00003df9  __TI_cleanup                   
20000890  __TI_cleanup_ptr               
00003445  __TI_closefile                 
0000366d  __TI_decompress_lzss           
000040c7  __TI_decompress_none           
00003ad1  __TI_doflush                   
20000894  __TI_dtors_ptr                 
20000898  __TI_enable_exit_profile_output
20000880  __TI_ft_end                    
00003a2b  __TI_ltoa                      
ffffffff  __TI_pprof_out_hndl            
000000e5  __TI_printfi                   
ffffffff  __TI_prof_data_size            
ffffffff  __TI_prof_data_start           
00003e2d  __TI_readmsg                   
00000000  __TI_static_base__             
20000520  __TI_tmpnams                   
00003d89  __TI_writemsg                  
00003805  __TI_wrt_ok                    
00003fd9  __TI_zero_init_nomemset        
000032bd  __aeabi_cdcmpeq                
000032bd  __aeabi_cdcmple                
00003343  __aeabi_cdrcmple               
00003bb1  __aeabi_d2iz                   
0000251f  __aeabi_dadd                   
00002809  __aeabi_ddiv                   
00002d91  __aeabi_dmul                   
00002515  __aeabi_dsub                   
000040ed  __aeabi_errno_addr             
00003ec5  __aeabi_i2d                    
000026cb  __aeabi_idiv0                  
000026cb  __aeabi_ldiv0                  
000033c9  __aeabi_memclr                 
000033c9  __aeabi_memclr4                
000033c9  __aeabi_memclr8                
000030ff  __aeabi_memcpy                 
000030ff  __aeabi_memcpy4                
000030ff  __aeabi_memcpy8                
000033cb  __aeabi_memset                 
000033cb  __aeabi_memset4                
000033cb  __aeabi_memset8                
2000088c  __aeabi_stderr                 
20000884  __aeabi_stdin                  
20000888  __aeabi_stdout                 
00003fb9  __aeabi_ui2d                   
0000319b  __aeabi_uldivmod               
ffffffff  __binit__                      
ffffffff  __c_args__                     
UNDEFED   __mpu_init                     
2000fe00  __stack                        
20000000  __start___llvm_prf_cnts        
20000000  __stop___llvm_prf_cnts         
00003e61  _c_int00_noargs                
00004110  _ctypes_                       
200007b8  _device                        
200006c8  _ftable                        
200008a8  _lock                          
00000b33  _nop                           
20000830  _stream                        
20000000  _sys_memory                    
UNDEFED   _system_post_cinit             
00004105  _system_pre_init               
200008ac  _unlock                        
00004109  abort                          
00001089  adcSetup                       
00002c89  aligned_alloc                  
00003b1d  atoi                           
ffffffff  binit                          
00001257  bluetoothSetup                 
200005c0  buffer                         
2000089c  buffer_index                   
000038c9  close                          
0000402d  copysign                       
0000402d  copysignl                      
200008b8  errno                          
00003b69  exit                           
00003e95  finddevice                     
00003231  fputc                          
00002a65  fputs                          
00002e8d  free                           
0000373d  frexp                          
0000373d  frexpl                         
000037a1  fseek                          
00001061  getCoordinate                  
00001031  getTime                        
00003cc5  getdevice                      
20000644  gps                            
20000670  gpsCoordinates                 
200006a6  gpsTime                        
00000d29  gpsToggleSetup                 
00000e31  gpsUARTSetup                   
200008a0  gpsUartStr                     
00000000  interruptVectors               
00000f73  isSubstring                    
00001787  latitudeDegrees                
00002b79  ldexp                          
00002b79  ldexpl                         
00001843  longitudeDegrees               
00003f49  lseek                          
00000b35  main                           
000040f5  malloc                         
00002c89  memalign                       
00004011  memccpy                        
00003f99  memchr                         
000030ff  memcpy                         
000033d1  memset                         
200006b3  parmbuf                        
00000d65  port1Setup                     
000010c9  port5Setup                     
00000df3  portRemap                      
00001717  print_COORDINATE               
00001399  print_NMEA_GNRMC               
000014c3  print_UTC_TIME                 
000036d5  printf                         
00003231  putc                           
00000e95  puttySetup                     
00003ef5  remove                         
00002b79  scalbn                         
00002b79  scalbnl                        
000012af  sendBluetooth                  
00000dc3  sendPutty                      
00001003  set3Mhz                        
000016cd  setCoordinates                 
0000150b  setGnrmc                       
00000bbf  setSysTime                     
0000159b  setTime                        
00002f71  setvbuf                        
00003d09  sprintf                        
00000c7f  str_to_uint16                  
00000c03  str_to_uint8                   
00004077  strchr                         
0000405f  strcmp                         
0000408d  strcpy                         
000040a1  strlen                         
00003dc1  strncpy                        
00001941  strtod                         
00001941  strtold                        
200006bc  sysTime                        
00001111  timerA2Setup                   
0000140d  token                          
00000d11  turnOffGps                     
00000cf9  turnOnGps                      
00003ef5  unlink                         
000040b5  wcslen                         
00003f71  write                          


GLOBAL SYMBOLS: SORTED BY Symbol Address 

address   name                           
-------   ----                           
00000000  __TI_static_base__             
00000000  interruptVectors               
000000e5  __TI_printfi                   
00000200  __STACK_SIZE                   
00000400  __SYSMEM_SIZE                  
00000b33  _nop                           
00000b35  main                           
00000bbf  setSysTime                     
00000c03  str_to_uint8                   
00000c7f  str_to_uint16                  
00000cf9  turnOnGps                      
00000d11  turnOffGps                     
00000d29  gpsToggleSetup                 
00000d65  port1Setup                     
00000dc3  sendPutty                      
00000df3  portRemap                      
00000e31  gpsUARTSetup                   
00000e95  puttySetup                     
00000eed  EUSCIA1_IRQHandler             
00000eed  EUSCIA1_IRQHandler             
00000f73  isSubstring                    
00001003  set3Mhz                        
00001031  getTime                        
00001061  getCoordinate                  
00001089  adcSetup                       
000010c9  port5Setup                     
00001111  timerA2Setup                   
00001165  TA2_0_IRQHandler               
00001165  TA2_0_IRQHandler               
000011f9  ADC14_IRQHandler               
000011f9  ADC14_IRQHandler               
00001257  bluetoothSetup                 
000012af  sendBluetooth                  
00001399  print_NMEA_GNRMC               
0000140d  token                          
000014c3  print_UTC_TIME                 
0000150b  setGnrmc                       
0000159b  setTime                        
000016cd  setCoordinates                 
00001717  print_COORDINATE               
00001787  latitudeDegrees                
00001843  longitudeDegrees               
00001941  strtod                         
00001941  strtold                        
00001da1  SystemCoreClockUpdate          
00002019  SystemInit                     
00002515  __aeabi_dsub                   
0000251f  __aeabi_dadd                   
000026cb  __aeabi_idiv0                  
000026cb  __aeabi_ldiv0                  
00002809  __aeabi_ddiv                   
00002a65  fputs                          
00002b79  ldexp                          
00002b79  ldexpl                         
00002b79  scalbn                         
00002b79  scalbnl                        
00002c89  aligned_alloc                  
00002c89  memalign                       
00002d91  __aeabi_dmul                   
00002e8d  free                           
00002f71  setvbuf                        
000030ff  __aeabi_memcpy                 
000030ff  __aeabi_memcpy4                
000030ff  __aeabi_memcpy8                
000030ff  memcpy                         
0000319b  __aeabi_uldivmod               
00003231  fputc                          
00003231  putc                           
000032bd  __aeabi_cdcmpeq                
000032bd  __aeabi_cdcmple                
00003343  __aeabi_cdrcmple               
000033c9  __aeabi_memclr                 
000033c9  __aeabi_memclr4                
000033c9  __aeabi_memclr8                
000033cb  __aeabi_memset                 
000033cb  __aeabi_memset4                
000033cb  __aeabi_memset8                
000033d1  memset                         
00003445  __TI_closefile                 
00003599  HOSTrename                     
00003605  HOSTlseek                      
0000366d  __TI_decompress_lzss           
000036d5  printf                         
0000373d  frexp                          
0000373d  frexpl                         
000037a1  fseek                          
00003805  __TI_wrt_ok                    
00003869  HOSTopen                       
000038c9  close                          
00003925  HOSTread                       
0000397d  HOSTwrite                      
00003a2b  __TI_ltoa                      
00003ad1  __TI_doflush                   
00003b1d  atoi                           
00003b69  exit                           
00003bb1  __aeabi_d2iz                   
00003bf9  HOSTclose                      
00003c3d  HOSTunlink                     
00003c81  __TI_auto_init_nobinit_nopinit 
00003cc5  getdevice                      
00003d09  sprintf                        
00003d89  __TI_writemsg                  
00003db7  C$$IO$$                        
00003dc1  strncpy                        
00003df9  __TI_cleanup                   
00003e2d  __TI_readmsg                   
00003e61  _c_int00_noargs                
00003e95  finddevice                     
00003ec5  __aeabi_i2d                    
00003ef5  remove                         
00003ef5  unlink                         
00003f49  lseek                          
00003f71  write                          
00003f99  memchr                         
00003fb9  __aeabi_ui2d                   
00003fd9  __TI_zero_init_nomemset        
00004011  memccpy                        
0000402d  copysign                       
0000402d  copysignl                      
0000405f  strcmp                         
00004077  strchr                         
0000408d  strcpy                         
000040a1  strlen                         
000040b5  wcslen                         
000040c7  __TI_decompress_none           
000040d5  Reset_Handler                  
000040e1  AES256_IRQHandler              
000040e1  BusFault_Handler               
000040e1  COMP_E0_IRQHandler             
000040e1  COMP_E1_IRQHandler             
000040e1  CS_IRQHandler                  
000040e1  DMA_ERR_IRQHandler             
000040e1  DMA_INT0_IRQHandler            
000040e1  DMA_INT1_IRQHandler            
000040e1  DMA_INT2_IRQHandler            
000040e1  DMA_INT3_IRQHandler            
000040e1  DebugMon_Handler               
000040e1  Default_Handler                
000040e1  EUSCIA0_IRQHandler             
000040e1  EUSCIA2_IRQHandler             
000040e1  EUSCIA3_IRQHandler             
000040e1  EUSCIB0_IRQHandler             
000040e1  EUSCIB1_IRQHandler             
000040e1  EUSCIB2_IRQHandler             
000040e1  EUSCIB3_IRQHandler             
000040e1  FLCTL_IRQHandler               
000040e1  FPU_IRQHandler                 
000040e1  HardFault_Handler              
000040e1  MemManage_Handler              
000040e1  NMI_Handler                    
000040e1  PCM_IRQHandler                 
000040e1  PORT1_IRQHandler               
000040e1  PORT2_IRQHandler               
000040e1  PORT3_IRQHandler               
000040e1  PORT4_IRQHandler               
000040e1  PORT5_IRQHandler               
000040e1  PORT6_IRQHandler               
000040e1  PSS_IRQHandler                 
000040e1  PendSV_Handler                 
000040e1  RTC_C_IRQHandler               
000040e1  SVC_Handler                    
000040e1  SysTick_Handler                
000040e1  T32_INT1_IRQHandler            
000040e1  T32_INT2_IRQHandler            
000040e1  T32_INTC_IRQHandler            
000040e1  TA0_0_IRQHandler               
000040e1  TA0_N_IRQHandler               
000040e1  TA1_0_IRQHandler               
000040e1  TA1_N_IRQHandler               
000040e1  TA2_N_IRQHandler               
000040e1  TA3_0_IRQHandler               
000040e1  TA3_N_IRQHandler               
000040e1  UsageFault_Handler             
000040e1  WDT_A_IRQHandler               
000040ed  __aeabi_errno_addr             
000040f5  malloc                         
00004105  _system_pre_init               
00004109  C$$EXIT                        
00004109  abort                          
00004110  _ctypes_                       
0000435c  __TI_Handler_Table_Base        
00004368  __TI_Handler_Table_Limit       
00004370  __TI_CINIT_Base                
00004380  __TI_CINIT_Limit               
20000000  __start___llvm_prf_cnts        
20000000  __stop___llvm_prf_cnts         
20000000  _sys_memory                    
20000400  __CIOBUF_                      
20000520  __TI_tmpnams                   
200005c0  buffer                         
20000644  gps                            
20000670  gpsCoordinates                 
200006a6  gpsTime                        
200006b3  parmbuf                        
200006bc  sysTime                        
200006c8  _ftable                        
200007b8  _device                        
20000830  _stream                        
20000880  __TI_ft_end                    
20000884  __aeabi_stdin                  
20000888  __aeabi_stdout                 
2000088c  __aeabi_stderr                 
20000890  __TI_cleanup_ptr               
20000894  __TI_dtors_ptr                 
20000898  __TI_enable_exit_profile_output
2000089c  buffer_index                   
200008a0  gpsUartStr                     
200008a8  _lock                          
200008ac  _unlock                        
200008b8  errno                          
200008bc  SystemCoreClock                
2000fe00  __stack                        
20010000  __STACK_END                    
4000480c  WDTCTL_SYM                     
ffffffff  __TI_pprof_out_hndl            
ffffffff  __TI_prof_data_size            
ffffffff  __TI_prof_data_start           
ffffffff  __binit__                      
ffffffff  __c_args__                     
ffffffff  binit                          
UNDEFED   __mpu_init                     
UNDEFED   _system_post_cinit             

[222 symbols]
