******************************************************************************
                  TI ARM Linker PC v20.2.0                     
******************************************************************************
>> Linked Thu Jun 18 18:09:45 2020

OUTPUT FILE NAME:   <Pwm with Port Interrupt.out>
ENTRY POINT SYMBOL: "_c_int00_noargs"  address: 00002389


MEMORY CONFIGURATION

         name            origin    length      used     unused   attr    fill
----------------------  --------  ---------  --------  --------  ----  --------
  MAIN                  00000000   00040000  000025f9  0003da07  R  X
  INFO                  00200000   00004000  00000000  00004000  R  X
  SRAM_CODE             01000000   00010000  0000021a  0000fde6  RW X
  SRAM_DATA             20000000   00010000  0000021a  0000fde6  RW  


SEGMENT ALLOCATION MAP

run origin  load origin   length   init length attrs members
----------  ----------- ---------- ----------- ----- -------
00000000    00000000    00002600   00002600    r-x
  00000000    00000000    000000e4   000000e4    r-- .intvecs
  000000e4    000000e4    000023e4   000023e4    r-x .text
  000024c8    000024c8    00000101   00000101    r-- .const
  000025d0    000025d0    00000030   00000030    r-- .cinit
20000000    20000000    0000001a   00000000    rw-
  20000000    20000000    00000010   00000000    rw- .bss
  20000010    20000010    0000000a   00000000    rw- .data
2000fe00    2000fe00    00000200   00000000    rw-
  2000fe00    2000fe00    00000200   00000000    rw- .stack


SECTION ALLOCATION MAP

 output                                  attributes/
section   page    origin      length       input sections
--------  ----  ----------  ----------   ----------------
.intvecs   0    00000000    000000e4     
                  00000000    000000e4     startup_msp432p401r_ccs.obj (.intvecs:retain)

.text      0    000000e4    000023e4     
                  000000e4    00000a4e     rtsv7M4_T_le_v4SPD16_eabi.lib : _printfi.c.obj (.text:__TI_printfi)
                  00000b32    00000002                                   : div0.asm.obj (.text)
                  00000b34    00000334     system_msp432p401r.obj (.text)
                  00000e68    00000270     rtsv7M4_T_le_v4SPD16_eabi.lib : _printfi.c.obj (.text:_pconv_a)
                  000010d8    00000254     main.obj (.text)
                  0000132c    000001d0     rtsv7M4_T_le_v4SPD16_eabi.lib : _printfi.c.obj (.text:_pconv_g)
                  000014fc    000001b6                                   : fd_add_t2.asm.obj (.text)
                  000016b2    00000002     --HOLE-- [fill = 0]
                  000016b4    0000013c                                   : _printfi.c.obj (.text:_pconv_e)
                  000017f0    00000136                                   : fd_div_t2.asm.obj (.text)
                  00001926    00000002     --HOLE-- [fill = 0]
                  00001928    00000124                                   : _printfi.c.obj (.text:fcvt)
                  00001a4c    00000110                                   : s_scalbn.c.obj (.text:scalbn)
                  00001b5c    000000fc                                   : fd_mul_t2.asm.obj (.text)
                  00001c58    000000b1                                   : _printfi.c.obj (.text:_ltostr)
                  00001d09    00000001     --HOLE-- [fill = 0]
                  00001d0a    0000009c                                   : memcpy_t2.asm.obj (.text)
                  00001da6    00000096                                   : ull_div_t2.asm.obj (.text)
                  00001e3c    00000086                                   : fd_cmp_t2.asm.obj (.text:__aeabi_cdcmple)
                  00001ec2    00000086                                   : fd_cmp_t2.asm.obj (.text:__aeabi_cdrcmple)
                  00001f48    0000007a                                   : memset_t2.asm.obj (.text)
                  00001fc2    0000006e                                   : _printfi.c.obj (.text:_mcpy)
                  00002030    00000068                                   : copy_decompress_lzss.c.obj (.text:decompress:lzss:__TI_decompress_lzss)
                  00002098    00000064                                   : s_frexp.c.obj (.text:frexp)
                  000020fc    00000056                                   : _printfi.c.obj (.text:_pconv_f)
                  00002152    00000054                                   : _ltoa.c.obj (.text:__TI_ltoa)
                  000021a6    00000052                                   : _printfi.c.obj (.text:_ecpy)
                  000021f8    0000004c                                   : atoi.c.obj (.text:atoi)
                  00002244    00000048                                   : fd_toi_t2.asm.obj (.text)
                  0000228c    00000044                                   : autoinit.c.obj (.text:__TI_auto_init_nobinit_nopinit:__TI_auto_init_nobinit_nopinit)
                  000022d0    00000040                                   : sprintf.c.obj (.text:sprintf)
                  00002310    0000003e                                   : _printfi.c.obj (.text:_fcpy)
                  0000234e    00000038                                   : fs_tod_t2.asm.obj (.text)
                  00002386    00000002     --HOLE-- [fill = 0]
                  00002388    00000034                                   : boot_cortex_m.c.obj (.text:_c_int00_noargs:_c_int00_noargs)
                  000023bc    0000002e                                   : i_tofd_t2.asm.obj (.text)
                  000023ea    0000001c                                   : copy_zero_init.c.obj (.text:decompress:ZI:__TI_zero_init_nomemset:__TI_zero_init_nomemset)
                  00002406    0000001c                                   : memccpy.c.obj (.text:memccpy)
                  00002422    0000001a                                   : s_copysign.c.obj (.text:copysign)
                  0000243c    00000018                                   : sprintf.c.obj (.text:_outs)
                  00002454    00000016                                   : strchr.c.obj (.text:strchr)
                  0000246a    00000014                                   : strlen.c.obj (.text:strlen)
                  0000247e    00000012                                   : wcslen.c.obj (.text:wcslen)
                  00002490    0000000e                                   : copy_decompress_none.c.obj (.text:decompress:none:__TI_decompress_none)
                  0000249e    0000000e     startup_msp432p401r_ccs.obj (.text)
                  000024ac    0000000a     rtsv7M4_T_le_v4SPD16_eabi.lib : sprintf.c.obj (.text:_outc)
                  000024b6    00000002     --HOLE-- [fill = 0]
                  000024b8    00000008                                   : errno.c.obj (.text:__aeabi_errno_addr)
                  000024c0    00000004                                   : pre_init.c.obj (.text:_system_pre_init)
                  000024c4    00000004                                   : exit.c.obj (.text:abort:abort)

.const     0    000024c8    00000101     
                  000024c8    00000101     rtsv7M4_T_le_v4SPD16_eabi.lib : ctype.c.obj (.const:.string:_ctypes_)

.cinit     0    000025d0    00000030     
                  000025d0    0000000c     (.cinit..data.load) [load image, compression = lzss]
                  000025dc    0000000c     (__TI_handler_table)
                  000025e8    00000008     (.cinit..bss.load) [load image, compression = zero_init]
                  000025f0    00000010     (__TI_cinit_table)

.init_array 
*          0    00000000    00000000     UNINITIALIZED

.binit     0    00000000    00000000     

.bss       0    20000000    00000010     UNINITIALIZED
                  20000000    00000010     (.common:buffer)

.data      0    20000010    0000000a     UNINITIALIZED
                  20000010    00000004     rtsv7M4_T_le_v4SPD16_eabi.lib : errno.c.obj (.data)
                  20000014    00000004     system_msp432p401r.obj (.data)
                  20000018    00000002     main.obj (.data)

.stack     0    2000fe00    00000200     UNINITIALIZED
                  2000fe00    00000004     rtsv7M4_T_le_v4SPD16_eabi.lib : boot_cortex_m.c.obj (.stack)
                  2000fe04    000001fc     --HOLE--

__llvm_prf_cnts 
*          0    20000000    00000000     UNINITIALIZED

MODULE SUMMARY

       Module                        code   ro data   rw data
       ------                        ----   -------   -------
    .\
       system_msp432p401r.obj        820    0         8      
       main.obj                      596    0         36     
       startup_msp432p401r_ccs.obj   14     228       0      
    +--+-----------------------------+------+---------+---------+
       Total:                        1430   228       44     
                                                             
    C:\ti\ccs1000\ccs\tools\compiler\ti-cgt-arm_20.2.0.LTS\lib\rtsv7M4_T_le_v4SPD16_eabi.lib
       _printfi.c.obj                4851   0         0      
       fd_add_t2.asm.obj             438    0         0      
       fd_div_t2.asm.obj             310    0         0      
       s_scalbn.c.obj                272    0         0      
       fd_cmp_t2.asm.obj             268    0         0      
       ctype.c.obj                   0      257       0      
       fd_mul_t2.asm.obj             252    0         0      
       memcpy_t2.asm.obj             156    0         0      
       ull_div_t2.asm.obj            150    0         0      
       memset_t2.asm.obj             122    0         0      
       copy_decompress_lzss.c.obj    104    0         0      
       s_frexp.c.obj                 100    0         0      
       sprintf.c.obj                 98     0         0      
       _ltoa.c.obj                   84     0         0      
       atoi.c.obj                    76     0         0      
       fd_toi_t2.asm.obj             72     0         0      
       autoinit.c.obj                68     0         0      
       fs_tod_t2.asm.obj             56     0         0      
       boot_cortex_m.c.obj           52     0         0      
       i_tofd_t2.asm.obj             46     0         0      
       copy_zero_init.c.obj          28     0         0      
       memccpy.c.obj                 28     0         0      
       s_copysign.c.obj              26     0         0      
       strchr.c.obj                  22     0         0      
       strlen.c.obj                  20     0         0      
       wcslen.c.obj                  18     0         0      
       errno.c.obj                   8      0         8      
       copy_decompress_none.c.obj    14     0         0      
       exit.c.obj                    4      0         0      
       pre_init.c.obj                4      0         0      
       div0.asm.obj                  2      0         0      
    +--+-----------------------------+------+---------+---------+
       Total:                        7749   257       8      
                                                             
       Stack:                        0      0         1024   
       Linker Generated:             0      48        0      
    +--+-----------------------------+------+---------+---------+
       Grand Total:                  9179   533       1076   


LINKER GENERATED COPY TABLES

__TI_cinit_table @ 000025f0 records: 2, size/record: 8, table size: 16
	.data: load addr=000025d0, load size=0000000c bytes, run addr=20000010, run size=0000000a bytes, compression=lzss
	.bss: load addr=000025e8, load size=00000008 bytes, run addr=20000000, run size=00000010 bytes, compression=zero_init


LINKER GENERATED HANDLER TABLE

__TI_handler_table @ 000025dc records: 3, size/record: 4, table size: 12
	index: 0, handler: __TI_decompress_lzss
	index: 1, handler: __TI_decompress_none
	index: 2, handler: __TI_zero_init


GLOBAL SYMBOLS: SORTED ALPHABETICALLY BY Name 

address   name                          
-------   ----                          
000024ab  ADC14_IRQHandler              
000024ab  AES256_IRQHandler             
000024ab  BusFault_Handler              
000024c5  C$$EXIT                       
000024ab  COMP_E0_IRQHandler            
000024ab  COMP_E1_IRQHandler            
000024ab  CS_IRQHandler                 
000024ab  DMA_ERR_IRQHandler            
000024ab  DMA_INT0_IRQHandler           
000024ab  DMA_INT1_IRQHandler           
000024ab  DMA_INT2_IRQHandler           
000024ab  DMA_INT3_IRQHandler           
000024ab  DebugMon_Handler              
000024ab  Default_Handler               
000024ab  EUSCIA0_IRQHandler            
000024ab  EUSCIA1_IRQHandler            
000024ab  EUSCIA2_IRQHandler            
000024ab  EUSCIA3_IRQHandler            
000024ab  EUSCIB0_IRQHandler            
000024ab  EUSCIB1_IRQHandler            
000024ab  EUSCIB2_IRQHandler            
000024ab  EUSCIB3_IRQHandler            
000024ab  FLCTL_IRQHandler              
000024ab  FPU_IRQHandler                
000024ab  HardFault_Handler             
000024ab  MemManage_Handler             
000024ab  NMI_Handler                   
000024ab  PCM_IRQHandler                
0000118b  PORT1_IRQHandler              
0000118b  PORT1_IRQHandler              
000024ab  PORT2_IRQHandler              
000024ab  PORT3_IRQHandler              
000024ab  PORT4_IRQHandler              
000024ab  PORT5_IRQHandler              
000024ab  PORT6_IRQHandler              
000024ab  PSS_IRQHandler                
000024ab  PendSV_Handler                
000024ab  RTC_C_IRQHandler              
0000249f  Reset_Handler                 
000024ab  SVC_Handler                   
000024ab  SysTick_Handler               
20000014  SystemCoreClock               
00000b35  SystemCoreClockUpdate         
00000dad  SystemInit                    
000024ab  T32_INT1_IRQHandler           
000024ab  T32_INT2_IRQHandler           
000024ab  T32_INTC_IRQHandler           
000024ab  TA0_0_IRQHandler              
000024ab  TA0_N_IRQHandler              
000024ab  TA1_0_IRQHandler              
000024ab  TA1_N_IRQHandler              
000024ab  TA2_0_IRQHandler              
000024ab  TA2_N_IRQHandler              
000024ab  TA3_0_IRQHandler              
000024ab  TA3_N_IRQHandler              
000024ab  UsageFault_Handler            
4000480c  WDTCTL_SYM                    
000024ab  WDT_A_IRQHandler              
20010000  __STACK_END                   
00000200  __STACK_SIZE                  
000025f0  __TI_CINIT_Base               
00002600  __TI_CINIT_Limit              
000025dc  __TI_Handler_Table_Base       
000025e8  __TI_Handler_Table_Limit      
0000228d  __TI_auto_init_nobinit_nopinit
00002031  __TI_decompress_lzss          
00002491  __TI_decompress_none          
00002153  __TI_ltoa                     
ffffffff  __TI_pprof_out_hndl           
000000e5  __TI_printfi                  
ffffffff  __TI_prof_data_size           
ffffffff  __TI_prof_data_start          
00000000  __TI_static_base__            
000023eb  __TI_zero_init_nomemset       
00001e3d  __aeabi_cdcmpeq               
00001e3d  __aeabi_cdcmple               
00001ec3  __aeabi_cdrcmple              
00002245  __aeabi_d2iz                  
00001507  __aeabi_dadd                  
000017f1  __aeabi_ddiv                  
00001b5d  __aeabi_dmul                  
000014fd  __aeabi_dsub                  
000024b9  __aeabi_errno_addr            
0000234f  __aeabi_f2d                   
000023bd  __aeabi_i2d                   
00000b33  __aeabi_idiv0                 
00000b33  __aeabi_ldiv0                 
00001f49  __aeabi_memclr                
00001f49  __aeabi_memclr4               
00001f49  __aeabi_memclr8               
00001d0b  __aeabi_memcpy                
00001d0b  __aeabi_memcpy4               
00001d0b  __aeabi_memcpy8               
00001f4b  __aeabi_memset                
00001f4b  __aeabi_memset4               
00001f4b  __aeabi_memset8               
00001da7  __aeabi_uldivmod              
ffffffff  __binit__                     
ffffffff  __c_args__                    
UNDEFED   __mpu_init                    
2000fe00  __stack                       
20000000  __start___llvm_prf_cnts       
20000000  __stop___llvm_prf_cnts        
00002389  _c_int00_noargs               
000024c8  _ctypes_                      
UNDEFED   _system_post_cinit            
000024c1  _system_pre_init              
000024c5  abort                         
000021f9  atoi                          
ffffffff  binit                         
20000000  buffer                        
00002423  copysign                      
00002423  copysignl                     
20000010  errno                         
00002099  frexp                         
00002099  frexpl                        
00000000  interruptVectors              
00001a4d  ldexp                         
00001a4d  ldexpl                        
000010d9  main                          
00002407  memccpy                       
00001d0b  memcpy                        
00001f51  memset                        
000011dd  pcEchoSetup                   
00001219  percentage                    
20000018  pulse                         
00001a4d  scalbn                        
00001a4d  scalbnl                       
00001259  sendMessage                   
00001289  set3MhzClock                  
000022d1  sprintf                       
00002455  strchr                        
0000246b  strlen                        
0000247f  wcslen                        


GLOBAL SYMBOLS: SORTED BY Symbol Address 

address   name                          
-------   ----                          
00000000  __TI_static_base__            
00000000  interruptVectors              
000000e5  __TI_printfi                  
00000200  __STACK_SIZE                  
00000b33  __aeabi_idiv0                 
00000b33  __aeabi_ldiv0                 
00000b35  SystemCoreClockUpdate         
00000dad  SystemInit                    
000010d9  main                          
0000118b  PORT1_IRQHandler              
0000118b  PORT1_IRQHandler              
000011dd  pcEchoSetup                   
00001219  percentage                    
00001259  sendMessage                   
00001289  set3MhzClock                  
000014fd  __aeabi_dsub                  
00001507  __aeabi_dadd                  
000017f1  __aeabi_ddiv                  
00001a4d  ldexp                         
00001a4d  ldexpl                        
00001a4d  scalbn                        
00001a4d  scalbnl                       
00001b5d  __aeabi_dmul                  
00001d0b  __aeabi_memcpy                
00001d0b  __aeabi_memcpy4               
00001d0b  __aeabi_memcpy8               
00001d0b  memcpy                        
00001da7  __aeabi_uldivmod              
00001e3d  __aeabi_cdcmpeq               
00001e3d  __aeabi_cdcmple               
00001ec3  __aeabi_cdrcmple              
00001f49  __aeabi_memclr                
00001f49  __aeabi_memclr4               
00001f49  __aeabi_memclr8               
00001f4b  __aeabi_memset                
00001f4b  __aeabi_memset4               
00001f4b  __aeabi_memset8               
00001f51  memset                        
00002031  __TI_decompress_lzss          
00002099  frexp                         
00002099  frexpl                        
00002153  __TI_ltoa                     
000021f9  atoi                          
00002245  __aeabi_d2iz                  
0000228d  __TI_auto_init_nobinit_nopinit
000022d1  sprintf                       
0000234f  __aeabi_f2d                   
00002389  _c_int00_noargs               
000023bd  __aeabi_i2d                   
000023eb  __TI_zero_init_nomemset       
00002407  memccpy                       
00002423  copysign                      
00002423  copysignl                     
00002455  strchr                        
0000246b  strlen                        
0000247f  wcslen                        
00002491  __TI_decompress_none          
0000249f  Reset_Handler                 
000024ab  ADC14_IRQHandler              
000024ab  AES256_IRQHandler             
000024ab  BusFault_Handler              
000024ab  COMP_E0_IRQHandler            
000024ab  COMP_E1_IRQHandler            
000024ab  CS_IRQHandler                 
000024ab  DMA_ERR_IRQHandler            
000024ab  DMA_INT0_IRQHandler           
000024ab  DMA_INT1_IRQHandler           
000024ab  DMA_INT2_IRQHandler           
000024ab  DMA_INT3_IRQHandler           
000024ab  DebugMon_Handler              
000024ab  Default_Handler               
000024ab  EUSCIA0_IRQHandler            
000024ab  EUSCIA1_IRQHandler            
000024ab  EUSCIA2_IRQHandler            
000024ab  EUSCIA3_IRQHandler            
000024ab  EUSCIB0_IRQHandler            
000024ab  EUSCIB1_IRQHandler            
000024ab  EUSCIB2_IRQHandler            
000024ab  EUSCIB3_IRQHandler            
000024ab  FLCTL_IRQHandler              
000024ab  FPU_IRQHandler                
000024ab  HardFault_Handler             
000024ab  MemManage_Handler             
000024ab  NMI_Handler                   
000024ab  PCM_IRQHandler                
000024ab  PORT2_IRQHandler              
000024ab  PORT3_IRQHandler              
000024ab  PORT4_IRQHandler              
000024ab  PORT5_IRQHandler              
000024ab  PORT6_IRQHandler              
000024ab  PSS_IRQHandler                
000024ab  PendSV_Handler                
000024ab  RTC_C_IRQHandler              
000024ab  SVC_Handler                   
000024ab  SysTick_Handler               
000024ab  T32_INT1_IRQHandler           
000024ab  T32_INT2_IRQHandler           
000024ab  T32_INTC_IRQHandler           
000024ab  TA0_0_IRQHandler              
000024ab  TA0_N_IRQHandler              
000024ab  TA1_0_IRQHandler              
000024ab  TA1_N_IRQHandler              
000024ab  TA2_0_IRQHandler              
000024ab  TA2_N_IRQHandler              
000024ab  TA3_0_IRQHandler              
000024ab  TA3_N_IRQHandler              
000024ab  UsageFault_Handler            
000024ab  WDT_A_IRQHandler              
000024b9  __aeabi_errno_addr            
000024c1  _system_pre_init              
000024c5  C$$EXIT                       
000024c5  abort                         
000024c8  _ctypes_                      
000025dc  __TI_Handler_Table_Base       
000025e8  __TI_Handler_Table_Limit      
000025f0  __TI_CINIT_Base               
00002600  __TI_CINIT_Limit              
20000000  __start___llvm_prf_cnts       
20000000  __stop___llvm_prf_cnts        
20000000  buffer                        
20000010  errno                         
20000014  SystemCoreClock               
20000018  pulse                         
2000fe00  __stack                       
20010000  __STACK_END                   
4000480c  WDTCTL_SYM                    
ffffffff  __TI_pprof_out_hndl           
ffffffff  __TI_prof_data_size           
ffffffff  __TI_prof_data_start          
ffffffff  __binit__                     
ffffffff  __c_args__                    
ffffffff  binit                         
UNDEFED   __mpu_init                    
UNDEFED   _system_post_cinit            

[134 symbols]
