******************************************************************************
                  TI ARM Linker PC v20.2.0                     
******************************************************************************
>> Linked Thu Jul 23 17:25:55 2020

OUTPUT FILE NAME:   <ADC Single Conversion.out>
ENTRY POINT SYMBOL: "_c_int00_noargs"  address: 00002389


MEMORY CONFIGURATION

         name            origin    length      used     unused   attr    fill
----------------------  --------  ---------  --------  --------  ----  --------
  MAIN                  00000000   00040000  00002619  0003d9e7  R  X
  INFO                  00200000   00004000  00000000  00004000  R  X
  SRAM_CODE             01000000   00010000  00000228  0000fdd8  RW X
  SRAM_DATA             20000000   00010000  00000228  0000fdd8  RW  


SEGMENT ALLOCATION MAP

run origin  load origin   length   init length attrs members
----------  ----------- ---------- ----------- ----- -------
00000000    00000000    00002620   00002620    r-x
  00000000    00000000    000000e4   000000e4    r-- .intvecs
  000000e4    000000e4    00002404   00002404    r-x .text
  000024e8    000024e8    00000101   00000101    r-- .const
  000025f0    000025f0    00000030   00000030    r-- .cinit
20000000    20000000    00000028   00000000    rw-
  20000000    20000000    0000001c   00000000    rw- .bss
  2000001c    2000001c    0000000c   00000000    rw- .data
2000fe00    2000fe00    00000200   00000000    rw-
  2000fe00    2000fe00    00000200   00000000    rw- .stack


SECTION ALLOCATION MAP

 output                                  attributes/
section   page    origin      length       input sections
--------  ----  ----------  ----------   ----------------
.intvecs   0    00000000    000000e4     
                  00000000    000000e4     startup_msp432p401r_ccs.obj (.intvecs:retain)

.text      0    000000e4    00002404     
                  000000e4    00000a4e     rtsv7M4_T_le_v4SPD16_eabi.lib : _printfi.c.obj (.text:__TI_printfi)
                  00000b32    00000002                                   : div0.asm.obj (.text)
                  00000b34    00000334     system_msp432p401r.obj (.text)
                  00000e68    0000028c     main.obj (.text)
                  000010f4    00000270     rtsv7M4_T_le_v4SPD16_eabi.lib : _printfi.c.obj (.text:_pconv_a)
                  00001364    000001d0                                   : _printfi.c.obj (.text:_pconv_g)
                  00001534    000001b6                                   : fd_add_t2.asm.obj (.text)
                  000016ea    00000002     --HOLE-- [fill = 0]
                  000016ec    0000013c                                   : _printfi.c.obj (.text:_pconv_e)
                  00001828    00000136                                   : fd_div_t2.asm.obj (.text)
                  0000195e    00000002     --HOLE-- [fill = 0]
                  00001960    00000124                                   : _printfi.c.obj (.text:fcvt)
                  00001a84    00000110                                   : s_scalbn.c.obj (.text:scalbn)
                  00001b94    000000fc                                   : fd_mul_t2.asm.obj (.text)
                  00001c90    000000b1                                   : _printfi.c.obj (.text:_ltostr)
                  00001d41    00000001     --HOLE-- [fill = 0]
                  00001d42    0000009c                                   : memcpy_t2.asm.obj (.text)
                  00001dde    00000096                                   : ull_div_t2.asm.obj (.text)
                  00001e74    00000086                                   : fd_cmp_t2.asm.obj (.text:__aeabi_cdcmple)
                  00001efa    00000086                                   : fd_cmp_t2.asm.obj (.text:__aeabi_cdrcmple)
                  00001f80    0000007a                                   : memset_t2.asm.obj (.text)
                  00001ffa    0000006e                                   : _printfi.c.obj (.text:_mcpy)
                  00002068    00000068                                   : copy_decompress_lzss.c.obj (.text:decompress:lzss:__TI_decompress_lzss)
                  000020d0    00000064                                   : s_frexp.c.obj (.text:frexp)
                  00002134    00000056                                   : _printfi.c.obj (.text:_pconv_f)
                  0000218a    00000054                                   : _ltoa.c.obj (.text:__TI_ltoa)
                  000021de    00000052                                   : _printfi.c.obj (.text:_ecpy)
                  00002230    0000004c                                   : atoi.c.obj (.text:atoi)
                  0000227c    00000048                                   : fd_toi_t2.asm.obj (.text)
                  000022c4    00000044                                   : autoinit.c.obj (.text:__TI_auto_init_nobinit_nopinit:__TI_auto_init_nobinit_nopinit)
                  00002308    00000040                                   : sprintf.c.obj (.text:sprintf)
                  00002348    0000003e                                   : _printfi.c.obj (.text:_fcpy)
                  00002386    00000002     --HOLE-- [fill = 0]
                  00002388    00000034                                   : boot_cortex_m.c.obj (.text:_c_int00_noargs:_c_int00_noargs)
                  000023bc    0000002e                                   : i_tofd_t2.asm.obj (.text)
                  000023ea    00000020                                   : u_tofd_t2.asm.obj (.text)
                  0000240a    0000001c                                   : copy_zero_init.c.obj (.text:decompress:ZI:__TI_zero_init_nomemset:__TI_zero_init_nomemset)
                  00002426    0000001c                                   : memccpy.c.obj (.text:memccpy)
                  00002442    0000001a                                   : s_copysign.c.obj (.text:copysign)
                  0000245c    00000018                                   : sprintf.c.obj (.text:_outs)
                  00002474    00000016                                   : strchr.c.obj (.text:strchr)
                  0000248a    00000014                                   : strlen.c.obj (.text:strlen)
                  0000249e    00000012                                   : wcslen.c.obj (.text:wcslen)
                  000024b0    0000000e                                   : copy_decompress_none.c.obj (.text:decompress:none:__TI_decompress_none)
                  000024be    0000000e     startup_msp432p401r_ccs.obj (.text)
                  000024cc    0000000a     rtsv7M4_T_le_v4SPD16_eabi.lib : sprintf.c.obj (.text:_outc)
                  000024d6    00000002     --HOLE-- [fill = 0]
                  000024d8    00000008                                   : errno.c.obj (.text:__aeabi_errno_addr)
                  000024e0    00000004                                   : pre_init.c.obj (.text:_system_pre_init)
                  000024e4    00000004                                   : exit.c.obj (.text:abort:abort)

.const     0    000024e8    00000101     
                  000024e8    00000101     rtsv7M4_T_le_v4SPD16_eabi.lib : ctype.c.obj (.const:.string:_ctypes_)

.cinit     0    000025f0    00000030     
                  000025f0    0000000c     (__TI_handler_table)
                  000025fc    0000000b     (.cinit..data.load) [load image, compression = lzss]
                  00002607    00000001     --HOLE-- [fill = 0]
                  00002608    00000008     (.cinit..bss.load) [load image, compression = zero_init]
                  00002610    00000010     (__TI_cinit_table)

.init_array 
*          0    00000000    00000000     UNINITIALIZED

.binit     0    00000000    00000000     

.bss       0    20000000    0000001c     UNINITIALIZED
                  20000000    00000018     (.common:buffer)
                  20000018    00000004     (.common:adcRawReading)

.data      0    2000001c    0000000c     UNINITIALIZED
                  2000001c    00000004     main.obj (.data)
                  20000020    00000004     rtsv7M4_T_le_v4SPD16_eabi.lib : errno.c.obj (.data)
                  20000024    00000004     system_msp432p401r.obj (.data)

.stack     0    2000fe00    00000200     UNINITIALIZED
                  2000fe00    00000004     rtsv7M4_T_le_v4SPD16_eabi.lib : boot_cortex_m.c.obj (.stack)
                  2000fe04    000001fc     --HOLE--

__llvm_prf_cnts 
*          0    20000000    00000000     UNINITIALIZED

MODULE SUMMARY

       Module                        code   ro data   rw data
       ------                        ----   -------   -------
    .\
       system_msp432p401r.obj        820    0         8      
       main.obj                      652    0         64     
       startup_msp432p401r_ccs.obj   14     228       0      
    +--+-----------------------------+------+---------+---------+
       Total:                        1486   228       72     
                                                             
    C:\ti\ccs1000\ccs\tools\compiler\ti-cgt-arm_20.2.0.LTS\lib\rtsv7M4_T_le_v4SPD16_eabi.lib
       _printfi.c.obj                4851   0         0      
       fd_add_t2.asm.obj             438    0         0      
       fd_div_t2.asm.obj             310    0         0      
       s_scalbn.c.obj                272    0         0      
       fd_cmp_t2.asm.obj             268    0         0      
       ctype.c.obj                   0      257       0      
       fd_mul_t2.asm.obj             252    0         0      
       memcpy_t2.asm.obj             156    0         0      
       ull_div_t2.asm.obj            150    0         0      
       memset_t2.asm.obj             122    0         0      
       copy_decompress_lzss.c.obj    104    0         0      
       s_frexp.c.obj                 100    0         0      
       sprintf.c.obj                 98     0         0      
       _ltoa.c.obj                   84     0         0      
       atoi.c.obj                    76     0         0      
       fd_toi_t2.asm.obj             72     0         0      
       autoinit.c.obj                68     0         0      
       boot_cortex_m.c.obj           52     0         0      
       i_tofd_t2.asm.obj             46     0         0      
       u_tofd_t2.asm.obj             32     0         0      
       copy_zero_init.c.obj          28     0         0      
       memccpy.c.obj                 28     0         0      
       s_copysign.c.obj              26     0         0      
       strchr.c.obj                  22     0         0      
       strlen.c.obj                  20     0         0      
       wcslen.c.obj                  18     0         0      
       errno.c.obj                   8      0         8      
       copy_decompress_none.c.obj    14     0         0      
       exit.c.obj                    4      0         0      
       pre_init.c.obj                4      0         0      
       div0.asm.obj                  2      0         0      
    +--+-----------------------------+------+---------+---------+
       Total:                        7725   257       8      
                                                             
       Stack:                        0      0         1024   
       Linker Generated:             0      47        0      
    +--+-----------------------------+------+---------+---------+
       Grand Total:                  9211   532       1104   


LINKER GENERATED COPY TABLES

__TI_cinit_table @ 00002610 records: 2, size/record: 8, table size: 16
	.data: load addr=000025fc, load size=0000000b bytes, run addr=2000001c, run size=0000000c bytes, compression=lzss
	.bss: load addr=00002608, load size=00000008 bytes, run addr=20000000, run size=0000001c bytes, compression=zero_init


LINKER GENERATED HANDLER TABLE

__TI_handler_table @ 000025f0 records: 3, size/record: 4, table size: 12
	index: 0, handler: __TI_decompress_lzss
	index: 1, handler: __TI_decompress_none
	index: 2, handler: __TI_zero_init


GLOBAL SYMBOLS: SORTED ALPHABETICALLY BY Name 

address   name                          
-------   ----                          
00000f0d  ADC14_IRQHandler              
00000f0d  ADC14_IRQHandler              
000024cb  AES256_IRQHandler             
000024cb  BusFault_Handler              
000024e5  C$$EXIT                       
000024cb  COMP_E0_IRQHandler            
000024cb  COMP_E1_IRQHandler            
000024cb  CS_IRQHandler                 
000024cb  DMA_ERR_IRQHandler            
000024cb  DMA_INT0_IRQHandler           
000024cb  DMA_INT1_IRQHandler           
000024cb  DMA_INT2_IRQHandler           
000024cb  DMA_INT3_IRQHandler           
000024cb  DebugMon_Handler              
000024cb  Default_Handler               
000024cb  EUSCIA0_IRQHandler            
000024cb  EUSCIA1_IRQHandler            
000024cb  EUSCIA2_IRQHandler            
000024cb  EUSCIA3_IRQHandler            
000024cb  EUSCIB0_IRQHandler            
000024cb  EUSCIB1_IRQHandler            
000024cb  EUSCIB2_IRQHandler            
000024cb  EUSCIB3_IRQHandler            
000024cb  FLCTL_IRQHandler              
000024cb  FPU_IRQHandler                
000024cb  HardFault_Handler             
000024cb  MemManage_Handler             
000024cb  NMI_Handler                   
000024cb  PCM_IRQHandler                
000024cb  PORT1_IRQHandler              
000024cb  PORT2_IRQHandler              
000024cb  PORT3_IRQHandler              
000024cb  PORT4_IRQHandler              
000024cb  PORT5_IRQHandler              
000024cb  PORT6_IRQHandler              
000024cb  PSS_IRQHandler                
000024cb  PendSV_Handler                
000024cb  RTC_C_IRQHandler              
000024bf  Reset_Handler                 
000024cb  SVC_Handler                   
000024cb  SysTick_Handler               
20000024  SystemCoreClock               
00000b35  SystemCoreClockUpdate         
00000dad  SystemInit                    
000024cb  T32_INT1_IRQHandler           
000024cb  T32_INT2_IRQHandler           
000024cb  T32_INTC_IRQHandler           
000024cb  TA0_0_IRQHandler              
000024cb  TA0_N_IRQHandler              
000024cb  TA1_0_IRQHandler              
000024cb  TA1_N_IRQHandler              
00000ead  TA2_0_IRQHandler              
00000ead  TA2_0_IRQHandler              
000024cb  TA2_N_IRQHandler              
000024cb  TA3_0_IRQHandler              
000024cb  TA3_N_IRQHandler              
000024cb  UsageFault_Handler            
4000480c  WDTCTL_SYM                    
000024cb  WDT_A_IRQHandler              
20010000  __STACK_END                   
00000200  __STACK_SIZE                  
00002610  __TI_CINIT_Base               
00002620  __TI_CINIT_Limit              
000025f0  __TI_Handler_Table_Base       
000025fc  __TI_Handler_Table_Limit      
000022c5  __TI_auto_init_nobinit_nopinit
00002069  __TI_decompress_lzss          
000024b1  __TI_decompress_none          
0000218b  __TI_ltoa                     
ffffffff  __TI_pprof_out_hndl           
000000e5  __TI_printfi                  
ffffffff  __TI_prof_data_size           
ffffffff  __TI_prof_data_start          
00000000  __TI_static_base__            
0000240b  __TI_zero_init_nomemset       
00001e75  __aeabi_cdcmpeq               
00001e75  __aeabi_cdcmple               
00001efb  __aeabi_cdrcmple              
0000227d  __aeabi_d2iz                  
0000153f  __aeabi_dadd                  
00001829  __aeabi_ddiv                  
00001b95  __aeabi_dmul                  
00001535  __aeabi_dsub                  
000024d9  __aeabi_errno_addr            
000023bd  __aeabi_i2d                   
00000b33  __aeabi_idiv0                 
00000b33  __aeabi_ldiv0                 
00001f81  __aeabi_memclr                
00001f81  __aeabi_memclr4               
00001f81  __aeabi_memclr8               
00001d43  __aeabi_memcpy                
00001d43  __aeabi_memcpy4               
00001d43  __aeabi_memcpy8               
00001f83  __aeabi_memset                
00001f83  __aeabi_memset4               
00001f83  __aeabi_memset8               
000023eb  __aeabi_ui2d                  
00001ddf  __aeabi_uldivmod              
ffffffff  __binit__                     
ffffffff  __c_args__                    
UNDEFED   __mpu_init                    
2000fe00  __stack                       
20000000  __start___llvm_prf_cnts       
20000000  __stop___llvm_prf_cnts        
00002389  _c_int00_noargs               
000024e8  _ctypes_                      
UNDEFED   _system_post_cinit            
000024e1  _system_pre_init              
000024e5  abort                         
20000018  adcRawReading                 
00000eeb  adcSetup                      
00002231  atoi                          
ffffffff  binit                         
20000000  buffer                        
00002443  copysign                      
00002443  copysignl                     
20000020  errno                         
000020d1  frexp                         
000020d1  frexpl                        
00000000  interruptVectors              
00001a85  ldexp                         
00001a85  ldexpl                        
00000e69  main                          
00002427  memccpy                       
00001d43  memcpy                        
00001f89  memset                        
00000ff3  pcEchoSetup                   
00000f73  port2Setup                    
00000f49  port5Setup                    
00001a85  scalbn                        
00001a85  scalbnl                       
00000fc3  sendMessage                   
00000f9d  set3MhzClock                  
00002309  sprintf                       
00002475  strchr                        
0000248b  strlen                        
2000001c  tic                           
00000ed3  timerA2Setup                  
0000249f  wcslen                        


GLOBAL SYMBOLS: SORTED BY Symbol Address 

address   name                          
-------   ----                          
00000000  __TI_static_base__            
00000000  interruptVectors              
000000e5  __TI_printfi                  
00000200  __STACK_SIZE                  
00000b33  __aeabi_idiv0                 
00000b33  __aeabi_ldiv0                 
00000b35  SystemCoreClockUpdate         
00000dad  SystemInit                    
00000e69  main                          
00000ead  TA2_0_IRQHandler              
00000ead  TA2_0_IRQHandler              
00000ed3  timerA2Setup                  
00000eeb  adcSetup                      
00000f0d  ADC14_IRQHandler              
00000f0d  ADC14_IRQHandler              
00000f49  port5Setup                    
00000f73  port2Setup                    
00000f9d  set3MhzClock                  
00000fc3  sendMessage                   
00000ff3  pcEchoSetup                   
00001535  __aeabi_dsub                  
0000153f  __aeabi_dadd                  
00001829  __aeabi_ddiv                  
00001a85  ldexp                         
00001a85  ldexpl                        
00001a85  scalbn                        
00001a85  scalbnl                       
00001b95  __aeabi_dmul                  
00001d43  __aeabi_memcpy                
00001d43  __aeabi_memcpy4               
00001d43  __aeabi_memcpy8               
00001d43  memcpy                        
00001ddf  __aeabi_uldivmod              
00001e75  __aeabi_cdcmpeq               
00001e75  __aeabi_cdcmple               
00001efb  __aeabi_cdrcmple              
00001f81  __aeabi_memclr                
00001f81  __aeabi_memclr4               
00001f81  __aeabi_memclr8               
00001f83  __aeabi_memset                
00001f83  __aeabi_memset4               
00001f83  __aeabi_memset8               
00001f89  memset                        
00002069  __TI_decompress_lzss          
000020d1  frexp                         
000020d1  frexpl                        
0000218b  __TI_ltoa                     
00002231  atoi                          
0000227d  __aeabi_d2iz                  
000022c5  __TI_auto_init_nobinit_nopinit
00002309  sprintf                       
00002389  _c_int00_noargs               
000023bd  __aeabi_i2d                   
000023eb  __aeabi_ui2d                  
0000240b  __TI_zero_init_nomemset       
00002427  memccpy                       
00002443  copysign                      
00002443  copysignl                     
00002475  strchr                        
0000248b  strlen                        
0000249f  wcslen                        
000024b1  __TI_decompress_none          
000024bf  Reset_Handler                 
000024cb  AES256_IRQHandler             
000024cb  BusFault_Handler              
000024cb  COMP_E0_IRQHandler            
000024cb  COMP_E1_IRQHandler            
000024cb  CS_IRQHandler                 
000024cb  DMA_ERR_IRQHandler            
000024cb  DMA_INT0_IRQHandler           
000024cb  DMA_INT1_IRQHandler           
000024cb  DMA_INT2_IRQHandler           
000024cb  DMA_INT3_IRQHandler           
000024cb  DebugMon_Handler              
000024cb  Default_Handler               
000024cb  EUSCIA0_IRQHandler            
000024cb  EUSCIA1_IRQHandler            
000024cb  EUSCIA2_IRQHandler            
000024cb  EUSCIA3_IRQHandler            
000024cb  EUSCIB0_IRQHandler            
000024cb  EUSCIB1_IRQHandler            
000024cb  EUSCIB2_IRQHandler            
000024cb  EUSCIB3_IRQHandler            
000024cb  FLCTL_IRQHandler              
000024cb  FPU_IRQHandler                
000024cb  HardFault_Handler             
000024cb  MemManage_Handler             
000024cb  NMI_Handler                   
000024cb  PCM_IRQHandler                
000024cb  PORT1_IRQHandler              
000024cb  PORT2_IRQHandler              
000024cb  PORT3_IRQHandler              
000024cb  PORT4_IRQHandler              
000024cb  PORT5_IRQHandler              
000024cb  PORT6_IRQHandler              
000024cb  PSS_IRQHandler                
000024cb  PendSV_Handler                
000024cb  RTC_C_IRQHandler              
000024cb  SVC_Handler                   
000024cb  SysTick_Handler               
000024cb  T32_INT1_IRQHandler           
000024cb  T32_INT2_IRQHandler           
000024cb  T32_INTC_IRQHandler           
000024cb  TA0_0_IRQHandler              
000024cb  TA0_N_IRQHandler              
000024cb  TA1_0_IRQHandler              
000024cb  TA1_N_IRQHandler              
000024cb  TA2_N_IRQHandler              
000024cb  TA3_0_IRQHandler              
000024cb  TA3_N_IRQHandler              
000024cb  UsageFault_Handler            
000024cb  WDT_A_IRQHandler              
000024d9  __aeabi_errno_addr            
000024e1  _system_pre_init              
000024e5  C$$EXIT                       
000024e5  abort                         
000024e8  _ctypes_                      
000025f0  __TI_Handler_Table_Base       
000025fc  __TI_Handler_Table_Limit      
00002610  __TI_CINIT_Base               
00002620  __TI_CINIT_Limit              
20000000  __start___llvm_prf_cnts       
20000000  __stop___llvm_prf_cnts        
20000000  buffer                        
20000018  adcRawReading                 
2000001c  tic                           
20000020  errno                         
20000024  SystemCoreClock               
2000fe00  __stack                       
20010000  __STACK_END                   
4000480c  WDTCTL_SYM                    
ffffffff  __TI_pprof_out_hndl           
ffffffff  __TI_prof_data_size           
ffffffff  __TI_prof_data_start          
ffffffff  __binit__                     
ffffffff  __c_args__                    
ffffffff  binit                         
UNDEFED   __mpu_init                    
UNDEFED   _system_post_cinit            

[139 symbols]
